Component: ARM Compiler 5.06 update 7 (build 960) Tool: armlink [4d3601]

==============================================================================

Section Cross References

    startup_stm32g474xx.o(RESET) refers to startup_stm32g474xx.o(STACK) for __initial_sp
    startup_stm32g474xx.o(RESET) refers to startup_stm32g474xx.o(.text) for Reset_Handler
    startup_stm32g474xx.o(RESET) refers to stm32g4xx_it.o(i.NMI_Handler) for NMI_Handler
    startup_stm32g474xx.o(RESET) refers to stm32g4xx_it.o(i.HardFault_Handler) for HardFault_Handler
    startup_stm32g474xx.o(RESET) refers to stm32g4xx_it.o(i.MemManage_Handler) for MemManage_Handler
    startup_stm32g474xx.o(RESET) refers to stm32g4xx_it.o(i.BusFault_Handler) for BusFault_Handler
    startup_stm32g474xx.o(RESET) refers to stm32g4xx_it.o(i.UsageFault_Handler) for UsageFault_Handler
    startup_stm32g474xx.o(RESET) refers to stm32g4xx_it.o(i.SVC_Handler) for SVC_Handler
    startup_stm32g474xx.o(RESET) refers to stm32g4xx_it.o(i.DebugMon_Handler) for DebugMon_Handler
    startup_stm32g474xx.o(RESET) refers to stm32g4xx_it.o(i.PendSV_Handler) for PendSV_Handler
    startup_stm32g474xx.o(RESET) refers to stm32g4xx_it.o(i.SysTick_Handler) for SysTick_Handler
    startup_stm32g474xx.o(RESET) refers to stm32g4xx_it.o(i.DMA1_Channel1_IRQHandler) for DMA1_Channel1_IRQHandler
    startup_stm32g474xx.o(RESET) refers to stm32g4xx_it.o(i.DMA1_Channel2_IRQHandler) for DMA1_Channel2_IRQHandler
    startup_stm32g474xx.o(.text) refers to system_stm32g4xx.o(i.SystemInit) for SystemInit
    startup_stm32g474xx.o(.text) refers to entry.o(.ARM.Collect$$$$00000000) for __main
    main.o(i.SystemClock_Config) refers to memseta.o(.text) for __aeabi_memclr4
    main.o(i.SystemClock_Config) refers to stm32g4xx_hal_pwr_ex.o(i.HAL_PWREx_ControlVoltageScaling) for HAL_PWREx_ControlVoltageScaling
    main.o(i.SystemClock_Config) refers to stm32g4xx_hal_rcc.o(i.HAL_RCC_OscConfig) for HAL_RCC_OscConfig
    main.o(i.SystemClock_Config) refers to stm32g4xx_hal_rcc.o(i.HAL_RCC_ClockConfig) for HAL_RCC_ClockConfig
    main.o(i.fputc) refers to stm32g4xx_hal_uart.o(i.HAL_UART_Transmit) for HAL_UART_Transmit
    main.o(i.fputc) refers to usart.o(.bss) for huart3
    main.o(i.main) refers to stm32g4xx_hal.o(i.HAL_Init) for HAL_Init
    main.o(i.main) refers to main.o(i.SystemClock_Config) for SystemClock_Config
    main.o(i.main) refers to gpio.o(i.MX_GPIO_Init) for MX_GPIO_Init
    main.o(i.main) refers to dma.o(i.MX_DMA_Init) for MX_DMA_Init
    main.o(i.main) refers to adc.o(i.MX_ADC1_Init) for MX_ADC1_Init
    main.o(i.main) refers to spi.o(i.MX_SPI1_Init) for MX_SPI1_Init
    main.o(i.main) refers to tim.o(i.MX_TIM3_Init) for MX_TIM3_Init
    main.o(i.main) refers to usart.o(i.MX_USART3_UART_Init) for MX_USART3_UART_Init
    main.o(i.main) refers to dac.o(i.MX_DAC1_Init) for MX_DAC1_Init
    main.o(i.main) refers to fft_ifft.o(i.FFT_IFFT_Iint) for FFT_IFFT_Iint
    main.o(i.main) refers to arm_rfft_fast_init_f32.o(.text.arm_rfft_fast_init_f32) for arm_rfft_fast_init_f32
    main.o(i.main) refers to stm32g4xx_hal_tim.o(i.HAL_TIM_Base_Start) for HAL_TIM_Base_Start
    main.o(i.main) refers to stm32g4xx_hal.o(i.HAL_Delay) for HAL_Delay
    main.o(i.main) refers to stm32g4xx_hal_adc.o(i.HAL_ADC_Start_DMA) for HAL_ADC_Start_DMA
    main.o(i.main) refers to stm32g4xx_hal_dac.o(i.HAL_DAC_Start_DMA) for HAL_DAC_Start_DMA
    main.o(i.main) refers to fft_ifft.o(.bss) for ADC1_CH1_FFT_IFFT
    main.o(i.main) refers to tim.o(.bss) for htim3
    main.o(i.main) refers to adc.o(.bss) for hadc1
    main.o(i.main) refers to dac.o(.bss) for hdac1
    gpio.o(i.MX_GPIO_Init) refers to memseta.o(.text) for __aeabi_memclr4
    gpio.o(i.MX_GPIO_Init) refers to stm32g4xx_hal_gpio.o(i.HAL_GPIO_WritePin) for HAL_GPIO_WritePin
    gpio.o(i.MX_GPIO_Init) refers to stm32g4xx_hal_gpio.o(i.HAL_GPIO_Init) for HAL_GPIO_Init
    adc.o(i.HAL_ADC_MspDeInit) refers to stm32g4xx_hal_gpio.o(i.HAL_GPIO_DeInit) for HAL_GPIO_DeInit
    adc.o(i.HAL_ADC_MspDeInit) refers to stm32g4xx_hal_dma.o(i.HAL_DMA_DeInit) for HAL_DMA_DeInit
    adc.o(i.HAL_ADC_MspInit) refers to memseta.o(.text) for __aeabi_memclr4
    adc.o(i.HAL_ADC_MspInit) refers to stm32g4xx_hal_rcc_ex.o(i.HAL_RCCEx_PeriphCLKConfig) for HAL_RCCEx_PeriphCLKConfig
    adc.o(i.HAL_ADC_MspInit) refers to main.o(i.Error_Handler) for Error_Handler
    adc.o(i.HAL_ADC_MspInit) refers to stm32g4xx_hal_gpio.o(i.HAL_GPIO_Init) for HAL_GPIO_Init
    adc.o(i.HAL_ADC_MspInit) refers to stm32g4xx_hal_dma.o(i.HAL_DMA_Init) for HAL_DMA_Init
    adc.o(i.HAL_ADC_MspInit) refers to adc.o(.bss) for .bss
    adc.o(i.MX_ADC1_Init) refers to memseta.o(.text) for __aeabi_memclr4
    adc.o(i.MX_ADC1_Init) refers to stm32g4xx_hal_adc.o(i.HAL_ADC_Init) for HAL_ADC_Init
    adc.o(i.MX_ADC1_Init) refers to main.o(i.Error_Handler) for Error_Handler
    adc.o(i.MX_ADC1_Init) refers to stm32g4xx_hal_adc_ex.o(i.HAL_ADCEx_MultiModeConfigChannel) for HAL_ADCEx_MultiModeConfigChannel
[...]
    ../Drivers/STM32G4xx_HAL_Driver/Src/stm32g4xx_hal_flash_ex.c 0x00000000   Number         0  stm32g4xx_hal_flash_ex.o ABSOLUTE
    ../Drivers/STM32G4xx_HAL_Driver/Src/stm32g4xx_hal_flash_ramfunc.c 0x00000000   Number         0  stm32g4xx_hal_flash_ramfunc.o ABSOLUTE
    ../Drivers/STM32G4xx_HAL_Driver/Src/stm32g4xx_hal_gpio.c 0x00000000   Number         0  stm32g4xx_hal_gpio.o ABSOLUTE
    ../Drivers/STM32G4xx_HAL_Driver/Src/stm32g4xx_hal_pwr.c 0x00000000   Number         0  stm32g4xx_hal_pwr.o ABSOLUTE
    ../Drivers/STM32G4xx_HAL_Driver/Src/stm32g4xx_hal_pwr_ex.c 0x00000000   Number         0  stm32g4xx_hal_pwr_ex.o ABSOLUTE
    ../Drivers/STM32G4xx_HAL_Driver/Src/stm32g4xx_hal_rcc.c 0x00000000   Number         0  stm32g4xx_hal_rcc.o ABSOLUTE
    ../Drivers/STM32G4xx_HAL_Driver/Src/stm32g4xx_hal_rcc_ex.c 0x00000000   Number         0  stm32g4xx_hal_rcc_ex.o ABSOLUTE
    ../Drivers/STM32G4xx_HAL_Driver/Src/stm32g4xx_hal_spi.c 0x00000000   Number         0  stm32g4xx_hal_spi.o ABSOLUTE
    ../Drivers/STM32G4xx_HAL_Driver/Src/stm32g4xx_hal_spi_ex.c 0x00000000   Number         0  stm32g4xx_hal_spi_ex.o ABSOLUTE
    ../Drivers/STM32G4xx_HAL_Driver/Src/stm32g4xx_hal_tim.c 0x00000000   Number         0  stm32g4xx_hal_tim.o ABSOLUTE
    ../Drivers/STM32G4xx_HAL_Driver/Src/stm32g4xx_hal_tim_ex.c 0x00000000   Number         0  stm32g4xx_hal_tim_ex.o ABSOLUTE
    ../Drivers/STM32G4xx_HAL_Driver/Src/stm32g4xx_hal_uart.c 0x00000000   Number         0  stm32g4xx_hal_uart.o ABSOLUTE
    ../Drivers/STM32G4xx_HAL_Driver/Src/stm32g4xx_hal_uart_ex.c 0x00000000   Number         0  stm32g4xx_hal_uart_ex.o ABSOLUTE
    ../Drivers/STM32G4xx_HAL_Driver/Src/stm32g4xx_ll_adc.c 0x00000000   Number         0  stm32g4xx_ll_adc.o ABSOLUTE
    ../clib/microlib/division.c              0x00000000   Number         0  uldiv.o ABSOLUTE
    ../clib/microlib/init/entry.s            0x00000000   Number         0  entry12b.o ABSOLUTE
    ../clib/microlib/init/entry.s            0x00000000   Number         0  entry12a.o ABSOLUTE
    ../clib/microlib/init/entry.s            0x00000000   Number         0  entry11b.o ABSOLUTE
    ../clib/microlib/init/entry.s            0x00000000   Number         0  entry11a.o ABSOLUTE
    ../clib/microlib/init/entry.s            0x00000000   Number         0  entry10b.o ABSOLUTE
    ../clib/microlib/init/entry.s            0x00000000   Number         0  entry10a.o ABSOLUTE
    ../clib/microlib/init/entry.s            0x00000000   Number         0  entry9b.o ABSOLUTE
    ../clib/microlib/init/entry.s            0x00000000   Number         0  entry9a.o ABSOLUTE
    ../clib/microlib/init/entry.s            0x00000000   Number         0  entry8b.o ABSOLUTE
    ../clib/microlib/init/entry.s            0x00000000   Number         0  entry8a.o ABSOLUTE
    ../clib/microlib/init/entry.s            0x00000000   Number         0  entry7b.o ABSOLUTE
    ../clib/microlib/init/entry.s            0x00000000   Number         0  entry7a.o ABSOLUTE
    ../clib/microlib/init/entry.s            0x00000000   Number         0  entry2.o ABSOLUTE
    ../clib/microlib/init/entry.s            0x00000000   Number         0  entry.o ABSOLUTE
    ../clib/microlib/init/entry.s            0x00000000   Number         0  entry5.o ABSOLUTE
    ../clib/microlib/longlong.c              0x00000000   Number         0  llushr.o ABSOLUTE
    ../clib/microlib/longlong.c              0x00000000   Number         0  llshl.o ABSOLUTE
    ../clib/microlib/string/memset.c         0x00000000   Number         0  memseta.o ABSOLUTE
    ..\CODE\FFT_IFFT.c                       0x00000000   Number         0  fft_ifft.o ABSOLUTE
    ..\Core\Src\adc.c                        0x00000000   Number         0  adc.o ABSOLUTE
    ..\Core\Src\dac.c                        0x00000000   Number         0  dac.o ABSOLUTE
    ..\Core\Src\dma.c                        0x00000000   Number         0  dma.o ABSOLUTE
    ..\Core\Src\gpio.c                       0x00000000   Number         0  gpio.o ABSOLUTE
    ..\Core\Src\main.c                       0x00000000   Number         0  main.o ABSOLUTE
    ..\Core\Src\spi.c                        0x00000000   Number         0  spi.o ABSOLUTE
    ..\Core\Src\stm32g4xx_hal_msp.c          0x00000000   Number         0  stm32g4xx_hal_msp.o ABSOLUTE
    ..\Core\Src\stm32g4xx_it.c               0x00000000   Number         0  stm32g4xx_it.o ABSOLUTE
    ..\Core\Src\system_stm32g4xx.c           0x00000000   Number         0  system_stm32g4xx.o ABSOLUTE
    ..\Core\Src\tim.c                        0x00000000   Number         0  tim.o ABSOLUTE
    ..\Core\Src\usart.c                      0x00000000   Number         0  usart.o ABSOLUTE
    ..\Drivers\STM32G4xx_HAL_Driver\Src\stm32g4xx_hal.c 0x00000000   Number         0  stm32g4xx_hal.o ABSOLUTE
    ..\Drivers\STM32G4xx_HAL_Driver\Src\stm32g4xx_hal_adc.c 0x00000000   Number         0  stm32g4xx_hal_adc.o ABSOLUTE
    ..\Drivers\STM32G4xx_HAL_Driver\Src\stm32g4xx_hal_adc_ex.c 0x00000000   Number         0  stm32g4xx_hal_adc_ex.o ABSOLUTE
    ..\Drivers\STM32G4xx_HAL_Driver\Src\stm32g4xx_hal_cortex.c 0x00000000   Number         0  stm32g4xx_hal_cortex.o ABSOLUTE
    ..\Drivers\STM32G4xx_HAL_Driver\Src\stm32g4xx_hal_dac.c 0x00000000   Number         0  stm32g4xx_hal_dac.o ABSOLUTE
    ..\Drivers\STM32G4xx_HAL_Driver\Src\stm32g4xx_hal_dac_ex.c 0x00000000   Number         0  stm32g4xx_hal_dac_ex.o ABSOLUTE
    ..\Drivers\STM32G4xx_HAL_Driver\Src\stm32g4xx_hal_dma.c 0x00000000   Number         0  stm32g4xx_hal_dma.o ABSOLUTE
    ..\Drivers\STM32G4xx_HAL_Driver\Src\stm32g4xx_hal_dma_ex.c 0x00000000   Number         0  stm32g4xx_hal_dma_ex.o ABSOLUTE
    ..\Drivers\STM32G4xx_HAL_Driver\Src\stm32g4xx_hal_exti.c 0x00000000   Number         0  stm32g4xx_hal_exti.o ABSOLUTE
    ..\Drivers\STM32G4xx_HAL_Driver\Src\stm32g4xx_hal_flash.c 0x00000000   Number         0  stm32g4xx_hal_flash.o ABSOLUTE
    ..\Drivers\STM32G4xx_HAL_Driver\Src\stm32g4xx_hal_flash_ex.c 0x00000000   Number         0  stm32g4xx_hal_flash_ex.o ABSOLUTE
    ..\Drivers\STM32G4xx_HAL_Driver\Src\stm32g4xx_hal_flash_ramfunc.c 0x00000000   Number         0  stm32g4xx_hal_flash_ramfunc.o ABSOLUTE
    ..\Drivers\STM32G4xx_HAL_Driver\Src\stm32g4xx_hal_gpio.c 0x00000000   Number         0  stm32g4xx_hal_gpio.o ABSOLUTE
    ..\Drivers\STM32G4xx_HAL_Driver\Src\stm32g4xx_hal_pwr.c 0x00000000   Number         0  stm32g4xx_hal_pwr.o ABSOLUTE
    ..\Drivers\STM32G4xx_HAL_Driver\Src\stm32g4xx_hal_pwr_ex.c 0x00000000   Number         0  stm32g4xx_hal_pwr_ex.o ABSOLUTE
    ..\Drivers\STM32G4xx_HAL_Driver\Src\stm32g4xx_hal_rcc.c 0x00000000   Number         0  stm32g4xx_hal_rcc.o ABSOLUTE
    ..\Drivers\STM32G4xx_HAL_Driver\Src\stm32g4xx_hal_rcc_ex.c 0x00000000   Number         0  stm32g4xx_hal_rcc_ex.o ABSOLUTE
    ..\Drivers\STM32G4xx_HAL_Driver\Src\stm32g4xx_hal_spi.c 0x00000000   Number         0  stm32g4xx_hal_spi.o ABSOLUTE
    ..\Drivers\STM32G4xx_HAL_Driver\Src\stm32g4xx_hal_spi_ex.c 0x00000000   Number         0  stm32g4xx_hal_spi_ex.o ABSOLUTE
    ..\Drivers\STM32G4xx_HAL_Driver\Src\stm32g4xx_hal_tim.c 0x00000000   Number         0  stm32g4xx_hal_tim.o ABSOLUTE
    ..\Drivers\STM32G4xx_HAL_Driver\Src\stm32g4xx_hal_tim_ex.c 0x00000000   Number         0  stm32g4xx_hal_tim_ex.o ABSOLUTE
    ..\Drivers\STM32G4xx_HAL_Driver\Src\stm32g4xx_hal_uart.c 0x00000000   Number         0  stm32g4xx_hal_uart.o ABSOLUTE
    ..\Drivers\STM32G4xx_HAL_Driver\Src\stm32g4xx_hal_uart_ex.c 0x00000000   Number         0  stm32g4xx_hal_uart_ex.o ABSOLUTE
    ..\\CODE\\FFT_IFFT.c                     0x00000000   Number         0  fft_ifft.o ABSOLUTE
    arm_bitreversal2.c                       0x00000000   Number         0  arm_bitreversal2.o ABSOLUTE
    arm_cfft_f32.c                           0x00000000   Number         0  arm_cfft_f32.o ABSOLUTE
    arm_cfft_init_f32.c                      0x00000000   Number         0  arm_cfft_init_f32.o ABSOLUTE
    arm_cfft_radix8_f32.c                    0x00000000   Number         0  arm_cfft_radix8_f32.o ABSOLUTE
    arm_common_tables.c                      0x00000000   Number         0  arm_common_tables.o ABSOLUTE
    arm_const_structs.c                      0x00000000   Number         0  arm_const_structs.o ABSOLUTE
    arm_rfft_fast_f32.c                      0x00000000   Number         0  arm_rfft_fast_f32.o ABSOLUTE
    arm_rfft_fast_init_f32.c                 0x00000000   Number         0  arm_rfft_fast_init_f32.o ABSOLUTE
    dc.s                                     0x00000000   Number         0  dc.o ABSOLUTE
    handlers.s                               0x00000000   Number         0  handlers.o ABSOLUTE
    init.s                                   0x00000000   Number         0  init.o ABSOLUTE
    startup_stm32g474xx.s                    0x00000000   Number         0  startup_stm32g474xx.o ABSOLUTE
    RESET                                    0x08000000   Section      472  startup_stm32g474xx.o(RESET)
    .ARM.Collect$$$$00000000                 0x080001d8   Section        0  entry.o(.ARM.Collect$$$$00000000)
    .ARM.Collect$$$$00000001                 0x080001d8   Section        4  entry2.o(.ARM.Collect$$$$00000001)
    .ARM.Collect$$$$00000004                 0x080001dc   Section        4  entry5.o(.ARM.Collect$$$$00000004)
    .ARM.Collect$$$$00000008                 0x080001e0   Section        0  entry7b.o(.ARM.Collect$$$$00000008)
    .ARM.Collect$$$$0000000A                 0x080001e0   Section        0  entry8b.o(.ARM.Collect$$$$0000000A)
    .ARM.Collect$$$$0000000B                 0x080001e0   Section        8  entry9a.o(.ARM.Collect$$$$0000000B)
    .ARM.Collect$$$$0000000E                 0x080001e8   Section        4  entry12b.o(.ARM.Collect$$$$0000000E)
    .ARM.Collect$$$$0000000F                 0x080001ec   Section        0  entry10a.o(.ARM.Collect$$$$0000000F)
    .ARM.Collect$$$$00000011                 0x080001ec   Section        0  entry11a.o(.ARM.Collect$$$$00000011)
    .ARM.Collect$$$$00002712                 0x080001ec   Section        4  entry2.o(.ARM.Collect$$$$00002712)
    __lit__00000000                          0x080001ec   Data           4  entry2.o(.ARM.Collect$$$$00002712)
    .text                                    0x080001f0   Section       36  startup_stm32g474xx.o(.text)
    $v0                                      0x080001f0   Number         0  startup_stm32g474xx.o(.text)
    .text                                    0x08000214   Section        0  uldiv.o(.text)
    .text                                    0x08000276   Section        0  memseta.o(.text)
    .text                                    0x0800029a   Section        0  llshl.o(.text)
    .text                                    0x080002b8   Section        0  llushr.o(.text)
    .text                                    0x080002d8   Section       36  init.o(.text)
    [Anonymous Symbol]                       0x080002fc   Section        0  arm_bitreversal2.o(.text.arm_bitreversal_32)
    [Anonymous Symbol]                       0x08000340   Section        0  arm_cfft_f32.o(.text.arm_cfft_f32)
    [Anonymous Symbol]                       0x08000420   Section        0  arm_cfft_init_f32.o(.text.arm_cfft_init_f32)
    [Anonymous Symbol]                       0x080004d4   Section        0  arm_cfft_f32.o(.text.arm_cfft_radix8by2_f32)
    [Anonymous Symbol]                       0x0800066c   Section        0  arm_cfft_f32.o(.text.arm_cfft_radix8by4_f32)
    [Anonymous Symbol]                       0x08000a68   Section        0  arm_cfft_radix8_f32.o(.text.arm_radix8_butterfly_f32)
    __arm_cp.0_1                             0x08000a88   Number         4  arm_cfft_radix8_f32.o(.text.arm_radix8_butterfly_f32)
    [Anonymous Symbol]                       0x0800101a   Section        0  arm_rfft_fast_init_f32.o(.text.arm_rfft_1024_fast_init_f32)
    arm_rfft_1024_fast_init_f32              0x0800101b   Thumb Code    42  arm_rfft_fast_init_f32.o(.text.arm_rfft_1024_fast_init_f32)
    [Anonymous Symbol]                       0x08001044   Section        0  arm_rfft_fast_init_f32.o(.text.arm_rfft_128_fast_init_f32)
    arm_rfft_128_fast_init_f32               0x08001045   Thumb Code    38  arm_rfft_fast_init_f32.o(.text.arm_rfft_128_fast_init_f32)
    [Anonymous Symbol]                       0x0800106a   Section        0  arm_rfft_fast_init_f32.o(.text.arm_rfft_2048_fast_init_f32)
    arm_rfft_2048_fast_init_f32              0x0800106b   Thumb Code    42  arm_rfft_fast_init_f32.o(.text.arm_rfft_2048_fast_init_f32)
    [Anonymous Symbol]                       0x08001094   Section        0  arm_rfft_fast_init_f32.o(.text.arm_rfft_256_fast_init_f32)
    arm_rfft_256_fast_init_f32               0x08001095   Thumb Code    40  arm_rfft_fast_init_f32.o(.text.arm_rfft_256_fast_init_f32)
    [Anonymous Symbol]                       0x080010bc   Section        0  arm_rfft_fast_init_f32.o(.text.arm_rfft_32_fast_init_f32)
    arm_rfft_32_fast_init_f32                0x080010bd   Thumb Code    38  arm_rfft_fast_init_f32.o(.text.arm_rfft_32_fast_init_f32)
    [Anonymous Symbol]                       0x080010e2   Section        0  arm_rfft_fast_init_f32.o(.text.arm_rfft_4096_fast_init_f32)
    arm_rfft_4096_fast_init_f32              0x080010e3   Thumb Code    42  arm_rfft_fast_init_f32.o(.text.arm_rfft_4096_fast_init_f32)
    [Anonymous Symbol]                       0x0800110c   Section        0  arm_rfft_fast_init_f32.o(.text.arm_rfft_512_fast_init_f32)
    arm_rfft_512_fast_init_f32               0x0800110d   Thumb Code    42  arm_rfft_fast_init_f32.o(.text.arm_rfft_512_fast_init_f32)
    [Anonymous Symbol]                       0x08001136   Section        0  arm_rfft_fast_init_f32.o(.text.arm_rfft_64_fast_init_f32)
    arm_rfft_64_fast_init_f32                0x08001137   Thumb Code    38  arm_rfft_fast_init_f32.o(.text.arm_rfft_64_fast_init_f32)
    [Anonymous Symbol]                       0x0800115c   Section        0  arm_rfft_fast_f32.o(.text.arm_rfft_fast_f32)
    [Anonymous Symbol]                       0x080011a2   Section        0  arm_rfft_fast_init_f32.o(.text.arm_rfft_fast_init_f32)
    [Anonymous Symbol]                       0x08001234   Section        0  arm_rfft_fast_f32.o(.text.merge_rfft_f32)
    [Anonymous Symbol]                       0x080012e8   Section        0  arm_rfft_fast_f32.o(.text.stage_rfft_f32)
    i.ADC_DMAConvCplt                        0x0800139c   Section        0  stm32g4xx_hal_adc.o(i.ADC_DMAConvCplt)
    i.ADC_DMAError                           0x08001404   Section        0  stm32g4xx_hal_adc.o(i.ADC_DMAError)
    i.ADC_DMAHalfConvCplt                    0x0800141e   Section        0  stm32g4xx_hal_adc.o(i.ADC_DMAHalfConvCplt)
    i.ADC_Enable                             0x08001428   Section        0  stm32g4xx_hal_adc.o(i.ADC_Enable)
    i.BusFault_Handler                       0x080014ec   Section        0  stm32g4xx_it.o(i.BusFault_Handler)
    i.DAC_DMAConvCpltCh1                     0x080014ee   Section        0  stm32g4xx_hal_dac.o(i.DAC_DMAConvCpltCh1)
    i.DAC_DMAConvCpltCh2                     0x080014fe   Section        0  stm32g4xx_hal_dac_ex.o(i.DAC_DMAConvCpltCh2)
    i.DAC_DMAErrorCh1                        0x0800150e   Section        0  stm32g4xx_hal_dac.o(i.DAC_DMAErrorCh1)
    i.DAC_DMAErrorCh2                        0x08001526   Section        0  stm32g4xx_hal_dac_ex.o(i.DAC_DMAErrorCh2)
    i.DAC_DMAHalfConvCpltCh1                 0x0800153e   Section        0  stm32g4xx_hal_dac.o(i.DAC_DMAHalfConvCpltCh1)
    i.DAC_DMAHalfConvCpltCh2                 0x08001548   Section        0  stm32g4xx_hal_dac_ex.o(i.DAC_DMAHalfConvCpltCh2)
    i.DMA1_Channel1_IRQHandler               0x08001554   Section        0  stm32g4xx_it.o(i.DMA1_Channel1_IRQHandler)
    i.DMA1_Channel2_IRQHandler               0x08001560   Section        0  stm32g4xx_it.o(i.DMA1_Channel2_IRQHandler)
    i.DMA_CalcDMAMUXChannelBaseAndMask       0x0800156c   Section        0  stm32g4xx_hal_dma.o(i.DMA_CalcDMAMUXChannelBaseAndMask)
    DMA_CalcDMAMUXChannelBaseAndMask         0x0800156d   Thumb Code    54  stm32g4xx_hal_dma.o(i.DMA_CalcDMAMUXChannelBaseAndMask)
    i.DMA_CalcDMAMUXRequestGenBaseAndMask    0x080015ac   Section        0  stm32g4xx_hal_dma.o(i.DMA_CalcDMAMUXRequestGenBaseAndMask)
    DMA_CalcDMAMUXRequestGenBaseAndMask      0x080015ad   Thumb Code    30  stm32g4xx_hal_dma.o(i.DMA_CalcDMAMUXRequestGenBaseAndMask)
    i.DMA_SetConfig                          0x080015d0   Section        0  stm32g4xx_hal_dma.o(i.DMA_SetConfig)
    DMA_SetConfig                            0x080015d1   Thumb Code    62  stm32g4xx_hal_dma.o(i.DMA_SetConfig)
    i.DebugMon_Handler                       0x0800160e   Section        0  stm32g4xx_it.o(i.DebugMon_Handler)
    i.Error_Handler                          0x08001610   Section        0  main.o(i.Error_Handler)
    i.FFT_IFFT_Iint                          0x08001614   Section        0  fft_ifft.o(i.FFT_IFFT_Iint)
    i.HAL_ADCEx_MultiModeConfigChannel       0x08001650   Section        0  stm32g4xx_hal_adc_ex.o(i.HAL_ADCEx_MultiModeConfigChannel)
    i.HAL_ADC_ConfigChannel                  0x080017b0   Section        0  stm32g4xx_hal_adc.o(i.HAL_ADC_ConfigChannel)
    i.HAL_ADC_ConvCpltCallback               0x08001c1c   Section        0  fft_ifft.o(i.HAL_ADC_ConvCpltCallback)
    i.HAL_ADC_ConvHalfCpltCallback           0x08001d10   Section        0  fft_ifft.o(i.HAL_ADC_ConvHalfCpltCallback)
    i.HAL_ADC_ErrorCallback                  0x08001e00   Section        0  stm32g4xx_hal_adc.o(i.HAL_ADC_ErrorCallback)
    i.HAL_ADC_Init                           0x08001e04   Section        0  stm32g4xx_hal_adc.o(i.HAL_ADC_Init)
    i.HAL_ADC_MspInit                        0x08002034   Section        0  adc.o(i.HAL_ADC_MspInit)
    i.HAL_ADC_Start_DMA                      0x080020e0   Section        0  stm32g4xx_hal_adc.o(i.HAL_ADC_Start_DMA)
    i.HAL_DACEx_ConvCpltCallbackCh2          0x0800220c   Section        0  stm32g4xx_hal_dac_ex.o(i.HAL_DACEx_ConvCpltCallbackCh2)
    i.HAL_DACEx_ConvHalfCpltCallbackCh2      0x0800220e   Section        0  stm32g4xx_hal_dac_ex.o(i.HAL_DACEx_ConvHalfCpltCallbackCh2)
    i.HAL_DACEx_ErrorCallbackCh2             0x08002210   Section        0  stm32g4xx_hal_dac_ex.o(i.HAL_DACEx_ErrorCallbackCh2)
    i.HAL_DAC_ConfigChannel                  0x08002214   Section        0  stm32g4xx_hal_dac.o(i.HAL_DAC_ConfigChannel)
    i.HAL_DAC_ConvCpltCallbackCh1            0x080023e0   Section        0  stm32g4xx_hal_dac.o(i.HAL_DAC_ConvCpltCallbackCh1)
    i.HAL_DAC_ConvHalfCpltCallbackCh1        0x080023e2   Section        0  stm32g4xx_hal_dac.o(i.HAL_DAC_ConvHalfCpltCallbackCh1)
    i.HAL_DAC_ErrorCallbackCh1               0x080023e4   Section        0  stm32g4xx_hal_dac.o(i.HAL_DAC_ErrorCallbackCh1)
    i.HAL_DAC_Init                           0x080023e6   Section        0  stm32g4xx_hal_dac.o(i.HAL_DAC_Init)
    i.HAL_DAC_MspInit                        0x08002410   Section        0  dac.o(i.HAL_DAC_MspInit)
    i.HAL_DAC_Start_DMA                      0x080024a4   Section        0  stm32g4xx_hal_dac.o(i.HAL_DAC_Start_DMA)
    i.HAL_DMA_IRQHandler                     0x080025a0   Section        0  stm32g4xx_hal_dma.o(i.HAL_DMA_IRQHandler)
    i.HAL_DMA_Init                           0x0800265c   Section        0  stm32g4xx_hal_dma.o(i.HAL_DMA_Init)
    i.HAL_DMA_Start_IT                       0x0800271c   Section        0  stm32g4xx_hal_dma.o(i.HAL_DMA_Start_IT)
    i.HAL_Delay                              0x080027a8   Section        0  stm32g4xx_hal.o(i.HAL_Delay)
    i.HAL_GPIO_Init                          0x080027cc   Section        0  stm32g4xx_hal_gpio.o(i.HAL_GPIO_Init)
    i.HAL_GPIO_WritePin                      0x08002a14   Section        0  stm32g4xx_hal_gpio.o(i.HAL_GPIO_WritePin)
    i.HAL_GetTick                            0x08002a20   Section        0  stm32g4xx_hal.o(i.HAL_GetTick)
    i.HAL_IncTick                            0x08002a2c   Section        0  stm32g4xx_hal.o(i.HAL_IncTick)
    i.HAL_Init                               0x08002a3c   Section        0  stm32g4xx_hal.o(i.HAL_Init)
    i.HAL_InitTick                           0x08002a5c   Section        0  stm32g4xx_hal.o(i.HAL_InitTick)
    i.HAL_MspInit                            0x08002aa0   Section        0  stm32g4xx_hal_msp.o(i.HAL_MspInit)
    i.HAL_NVIC_EnableIRQ                     0x08002ad0   Section        0  stm32g4xx_hal_cortex.o(i.HAL_NVIC_EnableIRQ)
    i.HAL_NVIC_SetPriority                   0x08002aec   Section        0  stm32g4xx_hal_cortex.o(i.HAL_NVIC_SetPriority)
    i.HAL_NVIC_SetPriorityGrouping           0x08002b2c   Section        0  stm32g4xx_hal_cortex.o(i.HAL_NVIC_SetPriorityGrouping)
    i.HAL_PWREx_ControlVoltageScaling        0x08002b50   Section        0  stm32g4xx_hal_pwr_ex.o(i.HAL_PWREx_ControlVoltageScaling)
    i.HAL_PWREx_DisableUCPDDeadBattery       0x08002c0c   Section        0  stm32g4xx_hal_pwr_ex.o(i.HAL_PWREx_DisableUCPDDeadBattery)
    i.HAL_RCCEx_PeriphCLKConfig              0x08002c1c   Section        0  stm32g4xx_hal_rcc_ex.o(i.HAL_RCCEx_PeriphCLKConfig)
    i.HAL_RCC_ClockConfig                    0x08002f1c   Section        0  stm32g4xx_hal_rcc.o(i.HAL_RCC_ClockConfig)
    i.HAL_RCC_GetHCLKFreq                    0x080030f8   Section        0  stm32g4xx_hal_rcc.o(i.HAL_RCC_GetHCLKFreq)
    i.HAL_RCC_GetPCLK1Freq                   0x08003104   Section        0  stm32g4xx_hal_rcc.o(i.HAL_RCC_GetPCLK1Freq)
    i.HAL_RCC_GetPCLK2Freq                   0x08003128   Section        0  stm32g4xx_hal_rcc.o(i.HAL_RCC_GetPCLK2Freq)
    i.HAL_RCC_GetSysClockFreq                0x0800314c   Section        0  stm32g4xx_hal_rcc.o(i.HAL_RCC_GetSysClockFreq)
    i.HAL_RCC_OscConfig                      0x080031b8   Section        0  stm32g4xx_hal_rcc.o(i.HAL_RCC_OscConfig)
    i.HAL_SPI_Init                           0x080035bc   Section        0  stm32g4xx_hal_spi.o(i.HAL_SPI_Init)
    i.HAL_SPI_MspInit                        0x080036a8   Section        0  spi.o(i.HAL_SPI_MspInit)
    i.HAL_SYSTICK_Config                     0x08003708   Section        0  stm32g4xx_hal_cortex.o(i.HAL_SYSTICK_Config)
    i.HAL_TIMEx_MasterConfigSynchronization  0x08003730   Section        0  stm32g4xx_hal_tim_ex.o(i.HAL_TIMEx_MasterConfigSynchronization)
    i.HAL_TIM_Base_Init                      0x080037e8   Section        0  stm32g4xx_hal_tim.o(i.HAL_TIM_Base_Init)
    i.HAL_TIM_Base_MspInit                   0x0800384c   Section        0  tim.o(i.HAL_TIM_Base_MspInit)
    i.HAL_TIM_Base_Start                     0x08003874   Section        0  stm32g4xx_hal_tim.o(i.HAL_TIM_Base_Start)
    i.HAL_TIM_ConfigClockSource              0x080038f4   Section        0  stm32g4xx_hal_tim.o(i.HAL_TIM_ConfigClockSource)
    i.HAL_UARTEx_DisableFifoMode             0x080039e4   Section        0  stm32g4xx_hal_uart_ex.o(i.HAL_UARTEx_DisableFifoMode)
    i.HAL_UARTEx_SetRxFifoThreshold          0x08003a22   Section        0  stm32g4xx_hal_uart_ex.o(i.HAL_UARTEx_SetRxFifoThreshold)
    i.HAL_UARTEx_SetTxFifoThreshold          0x08003a6e   Section        0  stm32g4xx_hal_uart_ex.o(i.HAL_UARTEx_SetTxFifoThreshold)
    i.HAL_UART_Init                          0x08003aba   Section        0  stm32g4xx_hal_uart.o(i.HAL_UART_Init)
    i.HAL_UART_MspInit                       0x08003b24   Section        0  usart.o(i.HAL_UART_MspInit)
    i.HardFault_Handler                      0x08003ba4   Section        0  stm32g4xx_it.o(i.HardFault_Handler)
    i.LL_ADC_GetOffsetChannel                0x08003ba6   Section        0  stm32g4xx_hal_adc.o(i.LL_ADC_GetOffsetChannel)
    LL_ADC_GetOffsetChannel                  0x08003ba7   Thumb Code    12  stm32g4xx_hal_adc.o(i.LL_ADC_GetOffsetChannel)
    i.LL_ADC_INJ_IsConversionOngoing         0x08003bb2   Section        0  stm32g4xx_hal_adc.o(i.LL_ADC_INJ_IsConversionOngoing)
    LL_ADC_INJ_IsConversionOngoing           0x08003bb3   Thumb Code     8  stm32g4xx_hal_adc.o(i.LL_ADC_INJ_IsConversionOngoing)
    i.LL_ADC_REG_IsConversionOngoing         0x08003bba   Section        0  stm32g4xx_hal_adc.o(i.LL_ADC_REG_IsConversionOngoing)
    LL_ADC_REG_IsConversionOngoing           0x08003bbb   Thumb Code     8  stm32g4xx_hal_adc.o(i.LL_ADC_REG_IsConversionOngoing)
    i.LL_ADC_REG_IsConversionOngoing         0x08003bc2   Section        0  stm32g4xx_hal_adc_ex.o(i.LL_ADC_REG_IsConversionOngoing)
    LL_ADC_REG_IsConversionOngoing           0x08003bc3   Thumb Code     8  stm32g4xx_hal_adc_ex.o(i.LL_ADC_REG_IsConversionOngoing)
    i.LL_ADC_REG_IsTriggerSourceSWStart      0x08003bca   Section        0  stm32g4xx_hal_adc.o(i.LL_ADC_REG_IsTriggerSourceSWStart)
    LL_ADC_REG_IsTriggerSourceSWStart        0x08003bcb   Thumb Code    16  stm32g4xx_hal_adc.o(i.LL_ADC_REG_IsTriggerSourceSWStart)
    i.LL_ADC_SetChannelSamplingTime          0x08003bda   Section        0  stm32g4xx_hal_adc.o(i.LL_ADC_SetChannelSamplingTime)
    LL_ADC_SetChannelSamplingTime            0x08003bdb   Thumb Code    30  stm32g4xx_hal_adc.o(i.LL_ADC_SetChannelSamplingTime)
    i.LL_ADC_SetOffsetState                  0x08003bf8   Section        0  stm32g4xx_hal_adc.o(i.LL_ADC_SetOffsetState)
    LL_ADC_SetOffsetState                    0x08003bf9   Thumb Code    16  stm32g4xx_hal_adc.o(i.LL_ADC_SetOffsetState)
    i.MX_ADC1_Init                           0x08003c08   Section        0  adc.o(i.MX_ADC1_Init)
    i.MX_DAC1_Init                           0x08003ca0   Section        0  dac.o(i.MX_DAC1_Init)
    i.MX_DMA_Init                            0x08003cfc   Section        0  dma.o(i.MX_DMA_Init)
    i.MX_GPIO_Init                           0x08003d48   Section        0  gpio.o(i.MX_GPIO_Init)
    i.MX_SPI1_Init                           0x08003e08   Section        0  spi.o(i.MX_SPI1_Init)
    i.MX_TIM3_Init                           0x08003e58   Section        0  tim.o(i.MX_TIM3_Init)
    i.MX_USART3_UART_Init                    0x08003ec4   Section        0  usart.o(i.MX_USART3_UART_Init)
    i.MemManage_Handler                      0x08003f2c   Section        0  stm32g4xx_it.o(i.MemManage_Handler)
    i.NMI_Handler                            0x08003f2e   Section        0  stm32g4xx_it.o(i.NMI_Handler)
    i.PendSV_Handler                         0x08003f30   Section        0  stm32g4xx_it.o(i.PendSV_Handler)
    i.SVC_Handler                            0x08003f32   Section        0  stm32g4xx_it.o(i.SVC_Handler)
    i.SysTick_Handler                        0x08003f34   Section        0  stm32g4xx_it.o(i.SysTick_Handler)
    i.SystemClock_Config                     0x08003f38   Section        0  main.o(i.SystemClock_Config)
    i.SystemInit                             0x08003f9c   Section        0  system_stm32g4xx.o(i.SystemInit)
    i.TIM_Base_SetConfig                     0x08003fac   Section        0  stm32g4xx_hal_tim.o(i.TIM_Base_SetConfig)
    i.TIM_ETR_SetConfig                      0x08004090   Section        0  stm32g4xx_hal_tim.o(i.TIM_ETR_SetConfig)
    i.TIM_ITRx_SetConfig                     0x080040a4   Section        0  stm32g4xx_hal_tim.o(i.TIM_ITRx_SetConfig)
    TIM_ITRx_SetConfig                       0x080040a5   Thumb Code    16  stm32g4xx_hal_tim.o(i.TIM_ITRx_SetConfig)
    i.TIM_TI1_ConfigInputStage               0x080040b8   Section        0  stm32g4xx_hal_tim.o(i.TIM_TI1_ConfigInputStage)
    TIM_TI1_ConfigInputStage                 0x080040b9   Thumb Code    34  stm32g4xx_hal_tim.o(i.TIM_TI1_ConfigInputStage)
    i.TIM_TI2_ConfigInputStage               0x080040da   Section        0  stm32g4xx_hal_tim.o(i.TIM_TI2_ConfigInputStage)
    TIM_TI2_ConfigInputStage                 0x080040db   Thumb Code    36  stm32g4xx_hal_tim.o(i.TIM_TI2_ConfigInputStage)
    i.UARTEx_SetNbDataToProcess              0x08004100   Section        0  stm32g4xx_hal_uart_ex.o(i.UARTEx_SetNbDataToProcess)
    UARTEx_SetNbDataToProcess                0x08004101   Thumb Code    62  stm32g4xx_hal_uart_ex.o(i.UARTEx_SetNbDataToProcess)
    i.UART_AdvFeatureConfig                  0x08004144   Section        0  stm32g4xx_hal_uart.o(i.UART_AdvFeatureConfig)
    i.UART_CheckIdleState                    0x0800420c   Section        0  stm32g4xx_hal_uart.o(i.UART_CheckIdleState)
    i.UART_EndRxTransfer                     0x080042b8   Section        0  stm32g4xx_hal_uart.o(i.UART_EndRxTransfer)
    UART_EndRxTransfer                       0x080042b9   Thumb Code    78  stm32g4xx_hal_uart.o(i.UART_EndRxTransfer)
    i.UART_SetConfig                         0x0800430c   Section        0  stm32g4xx_hal_uart.o(i.UART_SetConfig)
    i.UART_WaitOnFlagUntilTimeout            0x080045a4   Section        0  stm32g4xx_hal_uart.o(i.UART_WaitOnFlagUntilTimeout)
    i.UsageFault_Handler                     0x08004638   Section        0  stm32g4xx_it.o(i.UsageFault_Handler)
    i.__NVIC_SetPriority                     0x0800463a   Section        0  stm32g4xx_hal_cortex.o(i.__NVIC_SetPriority)
    __NVIC_SetPriority                       0x0800463b   Thumb Code    32  stm32g4xx_hal_cortex.o(i.__NVIC_SetPriority)
    i.__scatterload_copy                     0x0800465a   Section       14  handlers.o(i.__scatterload_copy)
    i.__scatterload_null                     0x08004668   Section        2  handlers.o(i.__scatterload_null)
    i.__scatterload_zeroinit                 0x0800466a   Section       14  handlers.o(i.__scatterload_zeroinit)
    i.main                                   0x08004678   Section        0  main.o(i.main)
    .constdata                               0x08004708   Section       24  stm32g4xx_hal_uart.o(.constdata)
    .constdata                               0x08004720   Section       16  stm32g4xx_hal_uart_ex.o(.constdata)
    numerator                                0x08004720   Data           8  stm32g4xx_hal_uart_ex.o(.constdata)
    denominator                              0x08004728   Data           8  stm32g4xx_hal_uart_ex.o(.constdata)
    .constdata                               0x08004730   Section       16  system_stm32g4xx.o(.constdata)
    .constdata                               0x08004740   Section        8  system_stm32g4xx.o(.constdata)
    .data                                    0x20000000   Section       12  stm32g4xx_hal.o(.data)
    .data                                    0x2000000c   Section        4  system_stm32g4xx.o(.data)
    .bss                                     0x20000010   Section      204  adc.o(.bss)
    .bss                                     0x200000dc   Section      116  dac.o(.bss)
    .bss                                     0x20000150   Section      100  spi.o(.bss)
    .bss                                     0x200001b4   Section       76  tim.o(.bss)
    .bss                                     0x20000200   Section      148  usart.o(.bss)
    .bss                                     0x20000294   Section    28696  fft_ifft.o(.bss)
    STACK                                    0x200072b0   Section     1024  startup_stm32g474xx.o(STACK)

    Global Symbols

    Symbol Name                              Value     Ov Type        Size  Object(Section)

    BuildAttributes$$THM_ISAv4$E$P$D$K$B$S$7EM$VFPi3$EXTD16$VFPS$VFMA$PE$A:L22UL41UL21$X:L11$S22US41US21$IEEE1$IW$USESV6$~STKCKD$USESV7$~SHL$OSPACE$EBA8$MICROLIB$REQ8$PRES8$EABIv2 0x00000000   Number         0  anon$$obj.o ABSOLUTE
    __ARM_use_no_argv                        0x00000000   Number         0  main.o ABSOLUTE
    __arm_fini_                               - Undefined Weak Reference
    __cpp_initialize__aeabi_                  - Undefined Weak Reference
    __cxa_finalize                            - Undefined Weak Reference
    __decompress                              - Undefined Weak Reference
    _clock_init                               - Undefined Weak Reference
    _microlib_exit                            - Undefined Weak Reference
    __Vectors_Size                           0x000001d8   Number         0  startup_stm32g474xx.o ABSOLUTE
    __Vectors                                0x08000000   Data           4  startup_stm32g474xx.o(RESET)
    __Vectors_End                            0x080001d8   Data           0  startup_stm32g474xx.o(RESET)
    __main                                   0x080001d9   Thumb Code     0  entry.o(.ARM.Collect$$$$00000000)
    _main_stk                                0x080001d9   Thumb Code     0  entry2.o(.ARM.Collect$$$$00000001)
    _main_scatterload                        0x080001dd   Thumb Code     0  entry5.o(.ARM.Collect$$$$00000004)
    __main_after_scatterload                 0x080001e1   Thumb Code     0  entry5.o(.ARM.Collect$$$$00000004)
    _main_clock                              0x080001e1   Thumb Code     0  entry7b.o(.ARM.Collect$$$$00000008)
    _main_cpp_init                           0x080001e1   Thumb Code     0  entry8b.o(.ARM.Collect$$$$0000000A)
    _main_init                               0x080001e1   Thumb Code     0  entry9a.o(.ARM.Collect$$$$0000000B)
    __rt_lib_shutdown_fini                   0x080001e9   Thumb Code     0  entry12b.o(.ARM.Collect$$$$0000000E)
    __rt_final_cpp                           0x080001ed   Thumb Code     0  entry10a.o(.ARM.Collect$$$$0000000F)
    __rt_final_exit                          0x080001ed   Thumb Code     0  entry11a.o(.ARM.Collect$$$$00000011)
    Reset_Handler                            0x080001f1   Thumb Code     8  startup_stm32g474xx.o(.text)
    ADC1_2_IRQHandler                        0x0800020b   Thumb Code     0  startup_stm32g474xx.o(.text)
    ADC3_IRQHandler                          0x0800020b   Thumb Code     0  startup_stm32g474xx.o(.text)
    ADC4_IRQHandler                          0x0800020b   Thumb Code     0  startup_stm32g474xx.o(.text)
    ADC5_IRQHandler                          0x0800020b   Thumb Code     0  startup_stm32g474xx.o(.text)
    COMP1_2_3_IRQHandler                     0x0800020b   Thumb Code     0  startup_stm32g474xx.o(.text)
    COMP4_5_6_IRQHandler                     0x0800020b   Thumb Code     0  startup_stm32g474xx.o(.text)
    COMP7_IRQHandler                         0x0800020b   Thumb Code     0  startup_stm32g474xx.o(.text)
    CORDIC_IRQHandler                        0x0800020b   Thumb Code     0  startup_stm32g474xx.o(.text)
    CRS_IRQHandler                           0x0800020b   Thumb Code     0  startup_stm32g474xx.o(.text)
    DMA1_Channel3_IRQHandler                 0x0800020b   Thumb Code     0  startup_stm32g474xx.o(.text)
    DMA1_Channel4_IRQHandler                 0x0800020b   Thumb Code     0  startup_stm32g474xx.o(.text)
    DMA1_Channel5_IRQHandler                 0x0800020b   Thumb Code     0  startup_stm32g474xx.o(.text)
    DMA1_Channel6_IRQHandler                 0x0800020b   Thumb Code     0  startup_stm32g474xx.o(.text)
    DMA1_Channel7_IRQHandler                 0x0800020b   Thumb Code     0  startup_stm32g474xx.o(.text)
    DMA1_Channel8_IRQHandler                 0x0800020b   Thumb Code     0  startup_stm32g474xx.o(.text)
    DMA2_Channel1_IRQHandler                 0x0800020b   Thumb Code     0  startup_stm32g474xx.o(.text)
    DMA2_Channel2_IRQHandler                 0x0800020b   Thumb Code     0  startup_stm32g474xx.o(.text)
    DMA2_Channel3_IRQHandler                 0x0800020b   Thumb Code     0  startup_stm32g474xx.o(.text)
    DMA2_Channel4_IRQHandler                 0x0800020b   Thumb Code     0  startup_stm32g474xx.o(.text)
    DMA2_Channel5_IRQHandler                 0x0800020b   Thumb Code     0  startup_stm32g474xx.o(.text)
    DMA2_Channel6_IRQHandler                 0x0800020b   Thumb Code     0  startup_stm32g474xx.o(.text)
    DMA2_Channel7_IRQHandler                 0x0800020b   Thumb Code     0  startup_stm32g474xx.o(.text)
    DMA2_Channel8_IRQHandler                 0x0800020b   Thumb Code     0  startup_stm32g474xx.o(.text)
    DMAMUX_OVR_IRQHandler                    0x0800020b   Thumb Code     0  startup_stm32g474xx.o(.text)
    EXTI0_IRQHandler                         0x0800020b   Thumb Code     0  startup_stm32g474xx.o(.text)
    EXTI15_10_IRQHandler                     0x0800020b   Thumb Code     0  startup_stm32g474xx.o(.text)
    EXTI1_IRQHandler                         0x0800020b   Thumb Code     0  startup_stm32g474xx.o(.text)
    EXTI2_IRQHandler                         0x0800020b   Thumb Code     0  startup_stm32g474xx.o(.text)
    EXTI3_IRQHandler                         0x0800020b   Thumb Code     0  startup_stm32g474xx.o(.text)
    EXTI4_IRQHandler                         0x0800020b   Thumb Code     0  startup_stm32g474xx.o(.text)
    EXTI9_5_IRQHandler                       0x0800020b   Thumb Code     0  startup_stm32g474xx.o(.text)
    FDCAN1_IT0_IRQHandler                    0x0800020b   Thumb Code     0  startup_stm32g474xx.o(.text)
    FDCAN1_IT1_IRQHandler                    0x0800020b   Thumb Code     0  startup_stm32g474xx.o(.text)
    FDCAN2_IT0_IRQHandler                    0x0800020b   Thumb Code     0  startup_stm32g474xx.o(.text)
    FDCAN2_IT1_IRQHandler                    0x0800020b   Thumb Code     0  startup_stm32g474xx.o(.text)
    FDCAN3_IT0_IRQHandler                    0x0800020b   Thumb Code     0  startup_stm32g474xx.o(.text)
    FDCAN3_IT1_IRQHandler                    0x0800020b   Thumb Code     0  startup_stm32g474xx.o(.text)
    FLASH_IRQHandler                         0x0800020b   Thumb Code     0  startup_stm32g474xx.o(.text)
    FMAC_IRQHandler                          0x0800020b   Thumb Code     0  startup_stm32g474xx.o(.text)
    FMC_IRQHandler                           0x0800020b   Thumb Code     0  startup_stm32g474xx.o(.text)
    FPU_IRQHandler                           0x0800020b   Thumb Code     0  startup_stm32g474xx.o(.text)
    HRTIM1_FLT_IRQHandler                    0x0800020b   Thumb Code     0  startup_stm32g474xx.o(.text)
    HRTIM1_Master_IRQHandler                 0x0800020b   Thumb Code     0  startup_stm32g474xx.o(.text)
    HRTIM1_TIMA_IRQHandler                   0x0800020b   Thumb Code     0  startup_stm32g474xx.o(.text)
    HRTIM1_TIMB_IRQHandler                   0x0800020b   Thumb Code     0  startup_stm32g474xx.o(.text)
    HRTIM1_TIMC_IRQHandler                   0x0800020b   Thumb Code     0  startup_stm32g474xx.o(.text)
    HRTIM1_TIMD_IRQHandler                   0x0800020b   Thumb Code     0  startup_stm32g474xx.o(.text)
    HRTIM1_TIME_IRQHandler                   0x0800020b   Thumb Code     0  startup_stm32g474xx.o(.text)
    HRTIM1_TIMF_IRQHandler                   0x0800020b   Thumb Code     0  startup_stm32g474xx.o(.text)
    I2C1_ER_IRQHandler                       0x0800020b   Thumb Code     0  startup_stm32g474xx.o(.text)
    I2C1_EV_IRQHandler                       0x0800020b   Thumb Code     0  startup_stm32g474xx.o(.text)
    I2C2_ER_IRQHandler                       0x0800020b   Thumb Code     0  startup_stm32g474xx.o(.text)
    I2C2_EV_IRQHandler                       0x0800020b   Thumb Code     0  startup_stm32g474xx.o(.text)
    I2C3_ER_IRQHandler                       0x0800020b   Thumb Code     0  startup_stm32g474xx.o(.text)
    I2C3_EV_IRQHandler                       0x0800020b   Thumb Code     0  startup_stm32g474xx.o(.text)
    I2C4_ER_IRQHandler                       0x0800020b   Thumb Code     0  startup_stm32g474xx.o(.text)
    I2C4_EV_IRQHandler                       0x0800020b   Thumb Code     0  startup_stm32g474xx.o(.text)
    LPTIM1_IRQHandler                        0x0800020b   Thumb Code     0  startup_stm32g474xx.o(.text)
    LPUART1_IRQHandler                       0x0800020b   Thumb Code     0  startup_stm32g474xx.o(.text)
    PVD_PVM_IRQHandler                       0x0800020b   Thumb Code     0  startup_stm32g474xx.o(.text)
    QUADSPI_IRQHandler                       0x0800020b   Thumb Code     0  startup_stm32g474xx.o(.text)
    RCC_IRQHandler                           0x0800020b   Thumb Code     0  startup_stm32g474xx.o(.text)
    RNG_IRQHandler                           0x0800020b   Thumb Code     0  startup_stm32g474xx.o(.text)
    RTC_Alarm_IRQHandler                     0x0800020b   Thumb Code     0  startup_stm32g474xx.o(.text)
    RTC_TAMP_LSECSS_IRQHandler               0x0800020b   Thumb Code     0  startup_stm32g474xx.o(.text)
    RTC_WKUP_IRQHandler                      0x0800020b   Thumb Code     0  startup_stm32g474xx.o(.text)
    SAI1_IRQHandler                          0x0800020b   Thumb Code     0  startup_stm32g474xx.o(.text)
    SPI1_IRQHandler                          0x0800020b   Thumb Code     0  startup_stm32g474xx.o(.text)
    SPI2_IRQHandler                          0x0800020b   Thumb Code     0  startup_stm32g474xx.o(.text)
    SPI3_IRQHandler                          0x0800020b   Thumb Code     0  startup_stm32g474xx.o(.text)
    SPI4_IRQHandler                          0x0800020b   Thumb Code     0  startup_stm32g474xx.o(.text)
    TIM1_BRK_TIM15_IRQHandler                0x0800020b   Thumb Code     0  startup_stm32g474xx.o(.text)
    TIM1_CC_IRQHandler                       0x0800020b   Thumb Code     0  startup_stm32g474xx.o(.text)
    TIM1_TRG_COM_TIM17_IRQHandler            0x0800020b   Thumb Code     0  startup_stm32g474xx.o(.text)
    TIM1_UP_TIM16_IRQHandler                 0x0800020b   Thumb Code     0  startup_stm32g474xx.o(.text)
    TIM20_BRK_IRQHandler                     0x0800020b   Thumb Code     0  startup_stm32g474xx.o(.text)
    TIM20_CC_IRQHandler                      0x0800020b   Thumb Code     0  startup_stm32g474xx.o(.text)
    TIM20_TRG_COM_IRQHandler                 0x0800020b   Thumb Code     0  startup_stm32g474xx.o(.text)
    TIM20_UP_IRQHandler                      0x0800020b   Thumb Code     0  startup_stm32g474xx.o(.text)
    TIM2_IRQHandler                          0x0800020b   Thumb Code     0  startup_stm32g474xx.o(.text)
    TIM3_IRQHandler                          0x0800020b   Thumb Code     0  startup_stm32g474xx.o(.text)
    TIM4_IRQHandler                          0x0800020b   Thumb Code     0  startup_stm32g474xx.o(.text)
    TIM5_IRQHandler                          0x0800020b   Thumb Code     0  startup_stm32g474xx.o(.text)
    TIM6_DAC_IRQHandler                      0x0800020b   Thumb Code     0  startup_stm32g474xx.o(.text)
    TIM7_DAC_IRQHandler                      0x0800020b   Thumb Code     0  startup_stm32g474xx.o(.text)
    TIM8_BRK_IRQHandler                      0x0800020b   Thumb Code     0  startup_stm32g474xx.o(.text)
    TIM8_CC_IRQHandler                       0x0800020b   Thumb Code     0  startup_stm32g474xx.o(.text)
    TIM8_TRG_COM_IRQHandler                  0x0800020b   Thumb Code     0  startup_stm32g474xx.o(.text)
    TIM8_UP_IRQHandler                       0x0800020b   Thumb Code     0  startup_stm32g474xx.o(.text)
    UART4_IRQHandler                         0x0800020b   Thumb Code     0  startup_stm32g474xx.o(.text)
    UART5_IRQHandler                         0x0800020b   Thumb Code     0  startup_stm32g474xx.o(.text)
    UCPD1_IRQHandler                         0x0800020b   Thumb Code     0  startup_stm32g474xx.o(.text)
    USART1_IRQHandler                        0x0800020b   Thumb Code     0  startup_stm32g474xx.o(.text)
    USART2_IRQHandler                        0x0800020b   Thumb Code     0  startup_stm32g474xx.o(.text)
    USART3_IRQHandler                        0x0800020b   Thumb Code     0  startup_stm32g474xx.o(.text)
    USBWakeUp_IRQHandler                     0x0800020b   Thumb Code     0  startup_stm32g474xx.o(.text)
    USB_HP_IRQHandler                        0x0800020b   Thumb Code     0  startup_stm32g474xx.o(.text)
    USB_LP_IRQHandler                        0x0800020b   Thumb Code     0  startup_stm32g474xx.o(.text)
    WWDG_IRQHandler                          0x0800020b   Thumb Code     0  startup_stm32g474xx.o(.text)
    __aeabi_uldivmod                         0x08000215   Thumb Code    98  uldiv.o(.text)
    __aeabi_memset                           0x08000277   Thumb Code    14  memseta.o(.text)
    __aeabi_memset4                          0x08000277   Thumb Code     0  memseta.o(.text)
    __aeabi_memset8                          0x08000277   Thumb Code     0  memseta.o(.text)
    __aeabi_memclr                           0x08000285   Thumb Code     4  memseta.o(.text)
    __aeabi_memclr4                          0x08000285   Thumb Code     0  memseta.o(.text)
    __aeabi_memclr8                          0x08000285   Thumb Code     0  memseta.o(.text)
    _memset$wrapper                          0x08000289   Thumb Code    18  memseta.o(.text)
    __aeabi_llsl                             0x0800029b   Thumb Code    30  llshl.o(.text)
    _ll_shift_l                              0x0800029b   Thumb Code     0  llshl.o(.text)
    __aeabi_llsr                             0x080002b9   Thumb Code    32  llushr.o(.text)
    _ll_ushift_r                             0x080002b9   Thumb Code     0  llushr.o(.text)
    __scatterload                            0x080002d9   Thumb Code    28  init.o(.text)
    __scatterload_rt2                        0x080002d9   Thumb Code     0  init.o(.text)
    arm_bitreversal_32                       0x080002fd   Thumb Code    68  arm_bitreversal2.o(.text.arm_bitreversal_32)
    arm_cfft_f32                             0x08000341   Thumb Code   224  arm_cfft_f32.o(.text.arm_cfft_f32)
    arm_cfft_init_f32                        0x08000421   Thumb Code   180  arm_cfft_init_f32.o(.text.arm_cfft_init_f32)
    arm_cfft_radix8by2_f32                   0x080004d5   Thumb Code   408  arm_cfft_f32.o(.text.arm_cfft_radix8by2_f32)
    arm_cfft_radix8by4_f32                   0x0800066d   Thumb Code  1020  arm_cfft_f32.o(.text.arm_cfft_radix8by4_f32)
    arm_radix8_butterfly_f32                 0x08000a69   Thumb Code  1458  arm_cfft_radix8_f32.o(.text.arm_radix8_butterfly_f32)
    arm_rfft_fast_f32                        0x0800115d   Thumb Code    70  arm_rfft_fast_f32.o(.text.arm_rfft_fast_f32)
    arm_rfft_fast_init_f32                   0x080011a3   Thumb Code   144  arm_rfft_fast_init_f32.o(.text.arm_rfft_fast_init_f32)
    merge_rfft_f32                           0x08001235   Thumb Code   180  arm_rfft_fast_f32.o(.text.merge_rfft_f32)
    stage_rfft_f32                           0x080012e9   Thumb Code   180  arm_rfft_fast_f32.o(.text.stage_rfft_f32)
    ADC_DMAConvCplt                          0x0800139d   Thumb Code   104  stm32g4xx_hal_adc.o(i.ADC_DMAConvCplt)
    ADC_DMAError                             0x08001405   Thumb Code    26  stm32g4xx_hal_adc.o(i.ADC_DMAError)
    ADC_DMAHalfConvCplt                      0x0800141f   Thumb Code    10  stm32g4xx_hal_adc.o(i.ADC_DMAHalfConvCplt)
    ADC_Enable                               0x08001429   Thumb Code   172  stm32g4xx_hal_adc.o(i.ADC_Enable)
    BusFault_Handler                         0x080014ed   Thumb Code     2  stm32g4xx_it.o(i.BusFault_Handler)
    DAC_DMAConvCpltCh1                       0x080014ef   Thumb Code    16  stm32g4xx_hal_dac.o(i.DAC_DMAConvCpltCh1)
    DAC_DMAConvCpltCh2                       0x080014ff   Thumb Code    16  stm32g4xx_hal_dac_ex.o(i.DAC_DMAConvCpltCh2)
    DAC_DMAErrorCh1                          0x0800150f   Thumb Code    24  stm32g4xx_hal_dac.o(i.DAC_DMAErrorCh1)
    DAC_DMAErrorCh2                          0x08001527   Thumb Code    24  stm32g4xx_hal_dac_ex.o(i.DAC_DMAErrorCh2)
    DAC_DMAHalfConvCpltCh1                   0x0800153f   Thumb Code    10  stm32g4xx_hal_dac.o(i.DAC_DMAHalfConvCpltCh1)
    DAC_DMAHalfConvCpltCh2                   0x08001549   Thumb Code    10  stm32g4xx_hal_dac_ex.o(i.DAC_DMAHalfConvCpltCh2)
    DMA1_Channel1_IRQHandler                 0x08001555   Thumb Code     6  stm32g4xx_it.o(i.DMA1_Channel1_IRQHandler)
    DMA1_Channel2_IRQHandler                 0x08001561   Thumb Code     6  stm32g4xx_it.o(i.DMA1_Channel2_IRQHandler)
    DebugMon_Handler                         0x0800160f   Thumb Code     2  stm32g4xx_it.o(i.DebugMon_Handler)
    Error_Handler                            0x08001611   Thumb Code     4  main.o(i.Error_Handler)
    FFT_IFFT_Iint                            0x08001615   Thumb Code    50  fft_ifft.o(i.FFT_IFFT_Iint)
    HAL_ADCEx_MultiModeConfigChannel         0x08001651   Thumb Code   326  stm32g4xx_hal_adc_ex.o(i.HAL_ADCEx_MultiModeConfigChannel)
    HAL_ADC_ConfigChannel                    0x080017b1   Thumb Code  1066  stm32g4xx_hal_adc.o(i.HAL_ADC_ConfigChannel)
    HAL_ADC_ConvCpltCallback                 0x08001c1d   Thumb Code   212  fft_ifft.o(i.HAL_ADC_ConvCpltCallback)
    HAL_ADC_ConvHalfCpltCallback             0x08001d11   Thumb Code   206  fft_ifft.o(i.HAL_ADC_ConvHalfCpltCallback)
    HAL_ADC_ErrorCallback                    0x08001e01   Thumb Code     2  stm32g4xx_hal_adc.o(i.HAL_ADC_ErrorCallback)
    HAL_ADC_Init                             0x08001e05   Thumb Code   510  stm32g4xx_hal_adc.o(i.HAL_ADC_Init)
    HAL_ADC_MspInit                          0x08002035   Thumb Code   160  adc.o(i.HAL_ADC_MspInit)
    HAL_ADC_Start_DMA                        0x080020e1   Thumb Code   260  stm32g4xx_hal_adc.o(i.HAL_ADC_Start_DMA)
    HAL_DACEx_ConvCpltCallbackCh2            0x0800220d   Thumb Code     2  stm32g4xx_hal_dac_ex.o(i.HAL_DACEx_ConvCpltCallbackCh2)
    HAL_DACEx_ConvHalfCpltCallbackCh2        0x0800220f   Thumb Code     2  stm32g4xx_hal_dac_ex.o(i.HAL_DACEx_ConvHalfCpltCallbackCh2)
    HAL_DACEx_ErrorCallbackCh2               0x08002211   Thumb Code     2  stm32g4xx_hal_dac_ex.o(i.HAL_DACEx_ErrorCallbackCh2)
    HAL_DAC_ConfigChannel                    0x08002215   Thumb Code   450  stm32g4xx_hal_dac.o(i.HAL_DAC_ConfigChannel)
    HAL_DAC_ConvCpltCallbackCh1              0x080023e1   Thumb Code     2  stm32g4xx_hal_dac.o(i.HAL_DAC_ConvCpltCallbackCh1)
    HAL_DAC_ConvHalfCpltCallbackCh1          0x080023e3   Thumb Code     2  stm32g4xx_hal_dac.o(i.HAL_DAC_ConvHalfCpltCallbackCh1)
    HAL_DAC_ErrorCallbackCh1                 0x080023e5   Thumb Code     2  stm32g4xx_hal_dac.o(i.HAL_DAC_ErrorCallbackCh1)
    HAL_DAC_Init                             0x080023e7   Thumb Code    40  stm32g4xx_hal_dac.o(i.HAL_DAC_Init)
    HAL_DAC_MspInit                          0x08002411   Thumb Code   130  dac.o(i.HAL_DAC_MspInit)
    HAL_DAC_Start_DMA                        0x080024a5   Thumb Code   218  stm32g4xx_hal_dac.o(i.HAL_DAC_Start_DMA)
    HAL_DMA_IRQHandler                       0x080025a1   Thumb Code   186  stm32g4xx_hal_dma.o(i.HAL_DMA_IRQHandler)
    HAL_DMA_Init                             0x0800265d   Thumb Code   178  stm32g4xx_hal_dma.o(i.HAL_DMA_Init)
    HAL_DMA_Start_IT                         0x0800271d   Thumb Code   140  stm32g4xx_hal_dma.o(i.HAL_DMA_Start_IT)
    HAL_Delay                                0x080027a9   Thumb Code    32  stm32g4xx_hal.o(i.HAL_Delay)
    HAL_GPIO_Init                            0x080027cd   Thumb Code   550  stm32g4xx_hal_gpio.o(i.HAL_GPIO_Init)
    HAL_GPIO_WritePin                        0x08002a15   Thumb Code    10  stm32g4xx_hal_gpio.o(i.HAL_GPIO_WritePin)
    HAL_GetTick                              0x08002a21   Thumb Code     6  stm32g4xx_hal.o(i.HAL_GetTick)
    HAL_IncTick                              0x08002a2d   Thumb Code    12  stm32g4xx_hal.o(i.HAL_IncTick)
    HAL_Init                                 0x08002a3d   Thumb Code    30  stm32g4xx_hal.o(i.HAL_Init)
    HAL_InitTick                             0x08002a5d   Thumb Code    58  stm32g4xx_hal.o(i.HAL_InitTick)
    HAL_MspInit                              0x08002aa1   Thumb Code    42  stm32g4xx_hal_msp.o(i.HAL_MspInit)
    HAL_NVIC_EnableIRQ                       0x08002ad1   Thumb Code    26  stm32g4xx_hal_cortex.o(i.HAL_NVIC_EnableIRQ)
    HAL_NVIC_SetPriority                     0x08002aed   Thumb Code    60  stm32g4xx_hal_cortex.o(i.HAL_NVIC_SetPriority)
    HAL_NVIC_SetPriorityGrouping             0x08002b2d   Thumb Code    26  stm32g4xx_hal_cortex.o(i.HAL_NVIC_SetPriorityGrouping)
    HAL_PWREx_ControlVoltageScaling          0x08002b51   Thumb Code   174  stm32g4xx_hal_pwr_ex.o(i.HAL_PWREx_ControlVoltageScaling)
    HAL_PWREx_DisableUCPDDeadBattery         0x08002c0d   Thumb Code    12  stm32g4xx_hal_pwr_ex.o(i.HAL_PWREx_DisableUCPDDeadBattery)
    HAL_RCCEx_PeriphCLKConfig                0x08002c1d   Thumb Code   758  stm32g4xx_hal_rcc_ex.o(i.HAL_RCCEx_PeriphCLKConfig)
    HAL_RCC_ClockConfig                      0x08002f1d   Thumb Code   444  stm32g4xx_hal_rcc.o(i.HAL_RCC_ClockConfig)
    HAL_RCC_GetHCLKFreq                      0x080030f9   Thumb Code     6  stm32g4xx_hal_rcc.o(i.HAL_RCC_GetHCLKFreq)
    HAL_RCC_GetPCLK1Freq                     0x08003105   Thumb Code    24  stm32g4xx_hal_rcc.o(i.HAL_RCC_GetPCLK1Freq)
    HAL_RCC_GetPCLK2Freq                     0x08003129   Thumb Code    24  stm32g4xx_hal_rcc.o(i.HAL_RCC_GetPCLK2Freq)
    HAL_RCC_GetSysClockFreq                  0x0800314d   Thumb Code    98  stm32g4xx_hal_rcc.o(i.HAL_RCC_GetSysClockFreq)
    HAL_RCC_OscConfig                        0x080031b9   Thumb Code  1028  stm32g4xx_hal_rcc.o(i.HAL_RCC_OscConfig)
    HAL_SPI_Init                             0x080035bd   Thumb Code   234  stm32g4xx_hal_spi.o(i.HAL_SPI_Init)
    HAL_SPI_MspInit                          0x080036a9   Thumb Code    88  spi.o(i.HAL_SPI_MspInit)
    HAL_SYSTICK_Config                       0x08003709   Thumb Code    40  stm32g4xx_hal_cortex.o(i.HAL_SYSTICK_Config)
    HAL_TIMEx_MasterConfigSynchronization    0x08003731   Thumb Code   150  stm32g4xx_hal_tim_ex.o(i.HAL_TIMEx_MasterConfigSynchronization)
    HAL_TIM_Base_Init                        0x080037e9   Thumb Code    98  stm32g4xx_hal_tim.o(i.HAL_TIM_Base_Init)
    HAL_TIM_Base_MspInit                     0x0800384d   Thumb Code    30  tim.o(i.HAL_TIM_Base_MspInit)
    HAL_TIM_Base_Start                       0x08003875   Thumb Code    96  stm32g4xx_hal_tim.o(i.HAL_TIM_Base_Start)
    HAL_TIM_ConfigClockSource                0x080038f5   Thumb Code   234  stm32g4xx_hal_tim.o(i.HAL_TIM_ConfigClockSource)
    HAL_UARTEx_DisableFifoMode               0x080039e5   Thumb Code    62  stm32g4xx_hal_uart_ex.o(i.HAL_UARTEx_DisableFifoMode)
    HAL_UARTEx_SetRxFifoThreshold            0x08003a23   Thumb Code    76  stm32g4xx_hal_uart_ex.o(i.HAL_UARTEx_SetRxFifoThreshold)
    HAL_UARTEx_SetTxFifoThreshold            0x08003a6f   Thumb Code    76  stm32g4xx_hal_uart_ex.o(i.HAL_UARTEx_SetTxFifoThreshold)
    HAL_UART_Init                            0x08003abb   Thumb Code   106  stm32g4xx_hal_uart.o(i.HAL_UART_Init)
    HAL_UART_MspInit                         0x08003b25   Thumb Code   114  usart.o(i.HAL_UART_MspInit)
    HardFault_Handler                        0x08003ba5   Thumb Code     2  stm32g4xx_it.o(i.HardFault_Handler)
    MX_ADC1_Init                             0x08003c09   Thumb Code   142  adc.o(i.MX_ADC1_Init)
    MX_DAC1_Init                             0x08003ca1   Thumb Code    82  dac.o(i.MX_DAC1_Init)
    MX_DMA_Init                              0x08003cfd   Thumb Code    72  dma.o(i.MX_DMA_Init)
    MX_GPIO_Init                             0x08003d49   Thumb Code   180  gpio.o(i.MX_GPIO_Init)
    MX_SPI1_Init                             0x08003e09   Thumb Code    72  spi.o(i.MX_SPI1_Init)
    MX_TIM3_Init                             0x08003e59   Thumb Code    98  tim.o(i.MX_TIM3_Init)
    MX_USART3_UART_Init                      0x08003ec5   Thumb Code    94  usart.o(i.MX_USART3_UART_Init)
    MemManage_Handler                        0x08003f2d   Thumb Code     2  stm32g4xx_it.o(i.MemManage_Handler)
    NMI_Handler                              0x08003f2f   Thumb Code     2  stm32g4xx_it.o(i.NMI_Handler)
    PendSV_Handler                           0x08003f31   Thumb Code     2  stm32g4xx_it.o(i.PendSV_Handler)
    SVC_Handler                              0x08003f33   Thumb Code     2  stm32g4xx_it.o(i.SVC_Handler)
    SysTick_Handler                          0x08003f35   Thumb Code     4  stm32g4xx_it.o(i.SysTick_Handler)
    SystemClock_Config                       0x08003f39   Thumb Code   100  main.o(i.SystemClock_Config)
    SystemInit                               0x08003f9d   Thumb Code    12  system_stm32g4xx.o(i.SystemInit)
    TIM_Base_SetConfig                       0x08003fad   Thumb Code   190  stm32g4xx_hal_tim.o(i.TIM_Base_SetConfig)
    TIM_ETR_SetConfig                        0x08004091   Thumb Code    20  stm32g4xx_hal_tim.o(i.TIM_ETR_SetConfig)
    UART_AdvFeatureConfig                    0x08004145   Thumb Code   200  stm32g4xx_hal_uart.o(i.UART_AdvFeatureConfig)
    UART_CheckIdleState                      0x0800420d   Thumb Code   172  stm32g4xx_hal_uart.o(i.UART_CheckIdleState)
    UART_SetConfig                           0x0800430d   Thumb Code   614  stm32g4xx_hal_uart.o(i.UART_SetConfig)
    UART_WaitOnFlagUntilTimeout              0x080045a5   Thumb Code   148  stm32g4xx_hal_uart.o(i.UART_WaitOnFlagUntilTimeout)
    UsageFault_Handler                       0x08004639   Thumb Code     2  stm32g4xx_it.o(i.UsageFault_Handler)
    __scatterload_copy                       0x0800465b   Thumb Code    14  handlers.o(i.__scatterload_copy)
    __scatterload_null                       0x08004669   Thumb Code     2  handlers.o(i.__scatterload_null)
    __scatterload_zeroinit                   0x0800466b   Thumb Code    14  handlers.o(i.__scatterload_zeroinit)
    main                                     0x08004679   Thumb Code   120  main.o(i.main)
    UARTPrescTable                           0x08004708   Data          24  stm32g4xx_hal_uart.o(.constdata)
    AHBPrescTable                            0x08004730   Data          16  system_stm32g4xx.o(.constdata)
    APBPrescTable                            0x08004740   Data           8  system_stm32g4xx.o(.constdata)
    armBitRevIndexTable1024                  0x08004748   Data        3600  arm_common_tables.o(.rodata.armBitRevIndexTable1024)
    armBitRevIndexTable128                   0x08005558   Data         416  arm_common_tables.o(.rodata.armBitRevIndexTable128)
    armBitRevIndexTable16                    0x080056f8   Data          40  arm_common_tables.o(.rodata.armBitRevIndexTable16)
    armBitRevIndexTable2048                  0x08005720   Data        7616  arm_common_tables.o(.rodata.armBitRevIndexTable2048)
    armBitRevIndexTable256                   0x080074e0   Data         880  arm_common_tables.o(.rodata.armBitRevIndexTable256)
    armBitRevIndexTable32                    0x08007850   Data          96  arm_common_tables.o(.rodata.armBitRevIndexTable32)
    armBitRevIndexTable4096                  0x080078b0   Data        8064  arm_common_tables.o(.rodata.armBitRevIndexTable4096)
    armBitRevIndexTable512                   0x08009830   Data         896  arm_common_tables.o(.rodata.armBitRevIndexTable512)
    armBitRevIndexTable64                    0x08009bb0   Data         112  arm_common_tables.o(.rodata.armBitRevIndexTable64)
    arm_cfft_sR_f32_len1024                  0x08009c20   Data          16  arm_const_structs.o(.rodata.arm_cfft_sR_f32_len1024)
    arm_cfft_sR_f32_len128                   0x08009c30   Data          16  arm_const_structs.o(.rodata.arm_cfft_sR_f32_len128)
    arm_cfft_sR_f32_len16                    0x08009c40   Data          16  arm_const_structs.o(.rodata.arm_cfft_sR_f32_len16)
    arm_cfft_sR_f32_len2048                  0x08009c50   Data          16  arm_const_structs.o(.rodata.arm_cfft_sR_f32_len2048)
    arm_cfft_sR_f32_len256                   0x08009c60   Data          16  arm_const_structs.o(.rodata.arm_cfft_sR_f32_len256)
    arm_cfft_sR_f32_len32                    0x08009c70   Data          16  arm_const_structs.o(.rodata.arm_cfft_sR_f32_len32)
    arm_cfft_sR_f32_len4096                  0x08009c80   Data          16  arm_const_structs.o(.rodata.arm_cfft_sR_f32_len4096)
    arm_cfft_sR_f32_len512                   0x08009c90   Data          16  arm_const_structs.o(.rodata.arm_cfft_sR_f32_len512)
    arm_cfft_sR_f32_len64                    0x08009ca0   Data          16  arm_const_structs.o(.rodata.arm_cfft_sR_f32_len64)
    twiddleCoef_1024                         0x08009cb0   Data        8192  arm_common_tables.o(.rodata.twiddleCoef_1024)
    twiddleCoef_128                          0x0800bcb0   Data        1024  arm_common_tables.o(.rodata.twiddleCoef_128)
    twiddleCoef_16                           0x0800c0b0   Data         128  arm_common_tables.o(.rodata.twiddleCoef_16)
    twiddleCoef_2048                         0x0800c130   Data       16384  arm_common_tables.o(.rodata.twiddleCoef_2048)
    twiddleCoef_256                          0x08010130   Data        2048  arm_common_tables.o(.rodata.twiddleCoef_256)
    twiddleCoef_32                           0x08010930   Data         256  arm_common_tables.o(.rodata.twiddleCoef_32)
    twiddleCoef_4096                         0x08010a30   Data       32768  arm_common_tables.o(.rodata.twiddleCoef_4096)
    twiddleCoef_512                          0x08018a30   Data        4096  arm_common_tables.o(.rodata.twiddleCoef_512)
    twiddleCoef_64                           0x08019a30   Data         512  arm_common_tables.o(.rodata.twiddleCoef_64)
    twiddleCoef_rfft_1024                    0x08019c30   Data        4096  arm_common_tables.o(.rodata.twiddleCoef_rfft_1024)
    twiddleCoef_rfft_128                     0x0801ac30   Data         512  arm_common_tables.o(.rodata.twiddleCoef_rfft_128)
    twiddleCoef_rfft_2048                    0x0801ae30   Data        8192  arm_common_tables.o(.rodata.twiddleCoef_rfft_2048)
    twiddleCoef_rfft_256                     0x0801ce30   Data        1024  arm_common_tables.o(.rodata.twiddleCoef_rfft_256)
    twiddleCoef_rfft_32                      0x0801d230   Data         128  arm_common_tables.o(.rodata.twiddleCoef_rfft_32)
    twiddleCoef_rfft_4096                    0x0801d2b0   Data       16384  arm_common_tables.o(.rodata.twiddleCoef_rfft_4096)
    twiddleCoef_rfft_512                     0x080212b0   Data        2048  arm_common_tables.o(.rodata.twiddleCoef_rfft_512)
    twiddleCoef_rfft_64                      0x08021ab0   Data         256  arm_common_tables.o(.rodata.twiddleCoef_rfft_64)
    Region$$Table$$Base                      0x08021bb0   Number         0  anon$$obj.o(Region$$Table)
    Region$$Table$$Limit                     0x08021bd0   Number         0  anon$$obj.o(Region$$Table)
    uwTickPrio                               0x20000000   Data           4  stm32g4xx_hal.o(.data)
    uwTickFreq                               0x20000004   Data           4  stm32g4xx_hal.o(.data)
    uwTick                                   0x20000008   Data           4  stm32g4xx_hal.o(.data)
    SystemCoreClock                          0x2000000c   Data           4  system_stm32g4xx.o(.data)
    hadc1                                    0x20000010   Data         108  adc.o(.bss)
    hdma_adc1                                0x2000007c   Data          96  adc.o(.bss)
    hdac1                                    0x200000dc   Data          20  dac.o(.bss)
    hdma_dac1_ch1                            0x200000f0   Data          96  dac.o(.bss)
    hspi1                                    0x20000150   Data         100  spi.o(.bss)
    htim3                                    0x200001b4   Data          76  tim.o(.bss)
    huart3                                   0x20000200   Data         148  usart.o(.bss)
    ADC1_CH1_FFT_IFFT                        0x20000294   Data       28672  fft_ifft.o(.bss)
    S                                        0x20007294   Data          24  fft_ifft.o(.bss)
    __initial_sp                             0x200076b0   Data           0  startup_stm32g474xx.o(STACK)



==============================================================================

Memory Map of the image

  Image Entry point : 0x080001d9

  Load Region LR_IROM1 (Base: 0x08000000, Size: 0x00021be0, Max: 0x00080000, ABSOLUTE)

    Execution Region ER_IROM1 (Exec base: 0x08000000, Load base: 0x08000000, Size: 0x00021bd0, Max: 0x00080000, ABSOLUTE)

    Exec Addr    Load Addr    Size         Type   Attr      Idx    E Section Name        Object

    0x08000000   0x08000000   0x000001d8   Data   RO            3    RESET               startup_stm32g474xx.o
    0x080001d8   0x080001d8   0x00000000   Code   RO         5270  * .ARM.Collect$$$$00000000  mc_w.l(entry.o)
    0x080001d8   0x080001d8   0x00000004   Code   RO         5277    .ARM.Collect$$$$00000001  mc_w.l(entry2.o)
    0x080001dc   0x080001dc   0x00000004   Code   RO         5280    .ARM.Collect$$$$00000004  mc_w.l(entry5.o)
    0x080001e0   0x080001e0   0x00000000   Code   RO         5282    .ARM.Collect$$$$00000008  mc_w.l(entry7b.o)
    0x080001e0   0x080001e0   0x00000000   Code   RO         5284    .ARM.Collect$$$$0000000A  mc_w.l(entry8b.o)
    0x080001e0   0x080001e0   0x00000008   Code   RO         5285    .ARM.Collect$$$$0000000B  mc_w.l(entry9a.o)
    0x080001e8   0x080001e8   0x00000004   Code   RO         5292    .ARM.Collect$$$$0000000E  mc_w.l(entry12b.o)
    0x080001ec   0x080001ec   0x00000000   Code   RO         5287    .ARM.Collect$$$$0000000F  mc_w.l(entry10a.o)
    0x080001ec   0x080001ec   0x00000000   Code   RO         5289    .ARM.Collect$$$$00000011  mc_w.l(entry11a.o)
    0x080001ec   0x080001ec   0x00000004   Code   RO         5278    .ARM.Collect$$$$00002712  mc_w.l(entry2.o)
    0x080001f0   0x080001f0   0x00000024   Code   RO            4    .text               startup_stm32g474xx.o
    0x08000214   0x08000214   0x00000062   Code   RO         5273    .text               mc_w.l(uldiv.o)
    0x08000276   0x08000276   0x00000024   Code   RO         5275    .text               mc_w.l(memseta.o)
    0x0800029a   0x0800029a   0x0000001e   Code   RO         5293    .text               mc_w.l(llshl.o)
    0x080002b8   0x080002b8   0x00000020   Code   RO         5295    .text               mc_w.l(llushr.o)
    0x080002d8   0x080002d8   0x00000024   Code   RO         5297    .text               mc_w.l(init.o)
    0x080002fc   0x080002fc   0x00000044   Code   RO         5175    .text.arm_bitreversal_32  arm_cortexM4lf_math.lib(arm_bitreversal2.o)
    0x08000340   0x08000340   0x000000e0   Code   RO         5034    .text.arm_cfft_f32  arm_cortexM4lf_math.lib(arm_cfft_f32.o)
    0x08000420   0x08000420   0x000000b4   Code   RO         5044    .text.arm_cfft_init_f32  arm_cortexM4lf_math.lib(arm_cfft_init_f32.o)
    0x080004d4   0x080004d4   0x00000198   Code   RO         5030    .text.arm_cfft_radix8by2_f32  arm_cortexM4lf_math.lib(arm_cfft_f32.o)
    0x0800066c   0x0800066c   0x000003fc   Code   RO         5032    .text.arm_cfft_radix8by4_f32  arm_cortexM4lf_math.lib(arm_cfft_f32.o)
    0x08000a68   0x08000a68   0x000005b2   Code   RO         5187    .text.arm_radix8_butterfly_f32  arm_cortexM4lf_math.lib(arm_cfft_radix8_f32.o)
    0x0800101a   0x0800101a   0x0000002a   Code   RO         5010    .text.arm_rfft_1024_fast_init_f32  arm_cortexM4lf_math.lib(arm_rfft_fast_init_f32.o)
    0x08001044   0x08001044   0x00000026   Code   RO         5016    .text.arm_rfft_128_fast_init_f32  arm_cortexM4lf_math.lib(arm_rfft_fast_init_f32.o)
    0x0800106a   0x0800106a   0x0000002a   Code   RO         5008    .text.arm_rfft_2048_fast_init_f32  arm_cortexM4lf_math.lib(arm_rfft_fast_init_f32.o)
    0x08001094   0x08001094   0x00000028   Code   RO         5014    .text.arm_rfft_256_fast_init_f32  arm_cortexM4lf_math.lib(arm_rfft_fast_init_f32.o)
    0x080010bc   0x080010bc   0x00000026   Code   RO         5020    .text.arm_rfft_32_fast_init_f32  arm_cortexM4lf_math.lib(arm_rfft_fast_init_f32.o)
    0x080010e2   0x080010e2   0x0000002a   Code   RO         5006    .text.arm_rfft_4096_fast_init_f32  arm_cortexM4lf_math.lib(arm_rfft_fast_init_f32.o)
    0x0800110c   0x0800110c   0x0000002a   Code   RO         5012    .text.arm_rfft_512_fast_init_f32  arm_cortexM4lf_math.lib(arm_rfft_fast_init_f32.o)
    0x08001136   0x08001136   0x00000026   Code   RO         5018    .text.arm_rfft_64_fast_init_f32  arm_cortexM4lf_math.lib(arm_rfft_fast_init_f32.o)
    0x0800115c   0x0800115c   0x00000046   Code   RO         4994    .text.arm_rfft_fast_f32  arm_cortexM4lf_math.lib(arm_rfft_fast_f32.o)
    0x080011a2   0x080011a2   0x00000090   Code   RO         5004    .text.arm_rfft_fast_init_f32  arm_cortexM4lf_math.lib(arm_rfft_fast_init_f32.o)
    0x08001232   0x08001232   0x00000002   PAD
    0x08001234   0x08001234   0x000000b4   Code   RO         4992    .text.merge_rfft_f32  arm_cortexM4lf_math.lib(arm_rfft_fast_f32.o)
    0x080012e8   0x080012e8   0x000000b4   Code   RO         4990    .text.stage_rfft_f32  arm_cortexM4lf_math.lib(arm_rfft_fast_f32.o)
    0x0800139c   0x0800139c   0x00000068   Code   RO          614    i.ADC_DMAConvCplt   stm32g4xx_hal_adc.o
    0x08001404   0x08001404   0x0000001a   Code   RO          615    i.ADC_DMAError      stm32g4xx_hal_adc.o
    0x0800141e   0x0800141e   0x0000000a   Code   RO          616    i.ADC_DMAHalfConvCplt  stm32g4xx_hal_adc.o
    0x08001428   0x08001428   0x000000c4   Code   RO          618    i.ADC_Enable        stm32g4xx_hal_adc.o
    0x080014ec   0x080014ec   0x00000002   Code   RO          501    i.BusFault_Handler  stm32g4xx_it.o
    0x080014ee   0x080014ee   0x00000010   Code   RO         2581    i.DAC_DMAConvCpltCh1  stm32g4xx_hal_dac.o
    0x080014fe   0x080014fe   0x00000010   Code   RO         2725    i.DAC_DMAConvCpltCh2  stm32g4xx_hal_dac_ex.o
    0x0800150e   0x0800150e   0x00000018   Code   RO         2582    i.DAC_DMAErrorCh1   stm32g4xx_hal_dac.o
    0x08001526   0x08001526   0x00000018   Code   RO         2726    i.DAC_DMAErrorCh2   stm32g4xx_hal_dac_ex.o
    0x0800153e   0x0800153e   0x0000000a   Code   RO         2583    i.DAC_DMAHalfConvCpltCh1  stm32g4xx_hal_dac.o
    0x08001548   0x08001548   0x0000000a   Code   RO         2727    i.DAC_DMAHalfConvCpltCh2  stm32g4xx_hal_dac_ex.o
    0x08001552   0x08001552   0x00000002   PAD
    0x08001554   0x08001554   0x0000000c   Code   RO          502    i.DMA1_Channel1_IRQHandler  stm32g4xx_it.o
    0x08001560   0x08001560   0x0000000c   Code   RO          503    i.DMA1_Channel2_IRQHandler  stm32g4xx_it.o
    0x0800156c   0x0800156c   0x00000040   Code   RO         1927    i.DMA_CalcDMAMUXChannelBaseAndMask  stm32g4xx_hal_dma.o
    0x080015ac   0x080015ac   0x00000024   Code   RO         1928    i.DMA_CalcDMAMUXRequestGenBaseAndMask  stm32g4xx_hal_dma.o
    0x080015d0   0x080015d0   0x0000003e   Code   RO         1929    i.DMA_SetConfig     stm32g4xx_hal_dma.o
    0x0800160e   0x0800160e   0x00000002   Code   RO          504    i.DebugMon_Handler  stm32g4xx_it.o
    0x08001610   0x08001610   0x00000004   Code   RO           13    i.Error_Handler     main.o
    0x08001614   0x08001614   0x0000003c   Code   RO         4941    i.FFT_IFFT_Iint     fft_ifft.o
    0x08001650   0x08001650   0x00000160   Code   RO          868    i.HAL_ADCEx_MultiModeConfigChannel  stm32g4xx_hal_adc_ex.o
    0x080017b0   0x080017b0   0x0000046c   Code   RO          620    i.HAL_ADC_ConfigChannel  stm32g4xx_hal_adc.o
    0x08001c1c   0x08001c1c   0x000000f4   Code   RO         4942    i.HAL_ADC_ConvCpltCallback  fft_ifft.o
    0x08001d10   0x08001d10   0x000000f0   Code   RO         4943    i.HAL_ADC_ConvHalfCpltCallback  fft_ifft.o
    0x08001e00   0x08001e00   0x00000002   Code   RO          624    i.HAL_ADC_ErrorCallback  stm32g4xx_hal_adc.o
    0x08001e02   0x08001e02   0x00000002   PAD
    0x08001e04   0x08001e04   0x00000230   Code   RO          629    i.HAL_ADC_Init      stm32g4xx_hal_adc.o
    0x08002034   0x08002034   0x000000ac   Code   RO          268    i.HAL_ADC_MspInit   adc.o
    0x080020e0   0x080020e0   0x0000012c   Code   RO          637    i.HAL_ADC_Start_DMA  stm32g4xx_hal_adc.o
    0x0800220c   0x0800220c   0x00000002   Code   RO         2728    i.HAL_DACEx_ConvCpltCallbackCh2  stm32g4xx_hal_dac_ex.o
    0x0800220e   0x0800220e   0x00000002   Code   RO         2729    i.HAL_DACEx_ConvHalfCpltCallbackCh2  stm32g4xx_hal_dac_ex.o
    0x08002210   0x08002210   0x00000002   Code   RO         2737    i.HAL_DACEx_ErrorCallbackCh2  stm32g4xx_hal_dac_ex.o
    0x08002212   0x08002212   0x00000002   PAD
    0x08002214   0x08002214   0x000001cc   Code   RO         2584    i.HAL_DAC_ConfigChannel  stm32g4xx_hal_dac.o
    0x080023e0   0x080023e0   0x00000002   Code   RO         2585    i.HAL_DAC_ConvCpltCallbackCh1  stm32g4xx_hal_dac.o
    0x080023e2   0x080023e2   0x00000002   Code   RO         2586    i.HAL_DAC_ConvHalfCpltCallbackCh1  stm32g4xx_hal_dac.o
    0x080023e4   0x080023e4   0x00000002   Code   RO         2589    i.HAL_DAC_ErrorCallbackCh1  stm32g4xx_hal_dac.o
    0x080023e6   0x080023e6   0x00000028   Code   RO         2594    i.HAL_DAC_Init      stm32g4xx_hal_dac.o
    0x0800240e   0x0800240e   0x00000002   PAD
    0x08002410   0x08002410   0x00000094   Code   RO          310    i.HAL_DAC_MspInit   dac.o
    0x080024a4   0x080024a4   0x000000fc   Code   RO         2599    i.HAL_DAC_Start_DMA  stm32g4xx_hal_dac.o
    0x080025a0   0x080025a0   0x000000ba   Code   RO         1935    i.HAL_DMA_IRQHandler  stm32g4xx_hal_dma.o
    0x0800265a   0x0800265a   0x00000002   PAD
    0x0800265c   0x0800265c   0x000000c0   Code   RO         1936    i.HAL_DMA_Init      stm32g4xx_hal_dma.o
    0x0800271c   0x0800271c   0x0000008c   Code   RO         1940    i.HAL_DMA_Start_IT  stm32g4xx_hal_dma.o
    0x080027a8   0x080027a8   0x00000024   Code   RO         1067    i.HAL_Delay         stm32g4xx_hal.o
    0x080027cc   0x080027cc   0x00000248   Code   RO         1792    i.HAL_GPIO_Init     stm32g4xx_hal_gpio.o
    0x08002a14   0x08002a14   0x0000000a   Code   RO         1796    i.HAL_GPIO_WritePin  stm32g4xx_hal_gpio.o
    0x08002a1e   0x08002a1e   0x00000002   PAD
    0x08002a20   0x08002a20   0x0000000c   Code   RO         1071    i.HAL_GetTick       stm32g4xx_hal.o
    0x08002a2c   0x08002a2c   0x00000010   Code   RO         1077    i.HAL_IncTick       stm32g4xx_hal.o
    0x08002a3c   0x08002a3c   0x0000001e   Code   RO         1078    i.HAL_Init          stm32g4xx_hal.o
    0x08002a5a   0x08002a5a   0x00000002   PAD
    0x08002a5c   0x08002a5c   0x00000044   Code   RO         1079    i.HAL_InitTick      stm32g4xx_hal.o
    0x08002aa0   0x08002aa0   0x00000030   Code   RO          589    i.HAL_MspInit       stm32g4xx_hal_msp.o
    0x08002ad0   0x08002ad0   0x0000001a   Code   RO         2441    i.HAL_NVIC_EnableIRQ  stm32g4xx_hal_cortex.o
    0x08002aea   0x08002aea   0x00000002   PAD
    0x08002aec   0x08002aec   0x00000040   Code   RO         2447    i.HAL_NVIC_SetPriority  stm32g4xx_hal_cortex.o
    0x08002b2c   0x08002b2c   0x00000024   Code   RO         2448    i.HAL_NVIC_SetPriorityGrouping  stm32g4xx_hal_cortex.o
    0x08002b50   0x08002b50   0x000000bc   Code   RO         2195    i.HAL_PWREx_ControlVoltageScaling  stm32g4xx_hal_pwr_ex.o
    0x08002c0c   0x08002c0c   0x00000010   Code   RO         2207    i.HAL_PWREx_DisableUCPDDeadBattery  stm32g4xx_hal_pwr_ex.o
    0x08002c1c   0x08002c1c   0x00000300   Code   RO         1438    i.HAL_RCCEx_PeriphCLKConfig  stm32g4xx_hal_rcc_ex.o
    0x08002f1c   0x08002f1c   0x000001dc   Code   RO         1313    i.HAL_RCC_ClockConfig  stm32g4xx_hal_rcc.o
    0x080030f8   0x080030f8   0x0000000c   Code   RO         1319    i.HAL_RCC_GetHCLKFreq  stm32g4xx_hal_rcc.o
    0x08003104   0x08003104   0x00000024   Code   RO         1321    i.HAL_RCC_GetPCLK1Freq  stm32g4xx_hal_rcc.o
    0x08003128   0x08003128   0x00000024   Code   RO         1322    i.HAL_RCC_GetPCLK2Freq  stm32g4xx_hal_rcc.o
    0x0800314c   0x0800314c   0x0000006c   Code   RO         1323    i.HAL_RCC_GetSysClockFreq  stm32g4xx_hal_rcc.o
    0x080031b8   0x080031b8   0x00000404   Code   RO         1326    i.HAL_RCC_OscConfig  stm32g4xx_hal_rcc.o
    0x080035bc   0x080035bc   0x000000ea   Code   RO         2880    i.HAL_SPI_Init      stm32g4xx_hal_spi.o
    0x080036a6   0x080036a6   0x00000002   PAD
    0x080036a8   0x080036a8   0x00000060   Code   RO          376    i.HAL_SPI_MspInit   spi.o
    0x08003708   0x08003708   0x00000028   Code   RO         2452    i.HAL_SYSTICK_Config  stm32g4xx_hal_cortex.o
    0x08003730   0x08003730   0x000000b8   Code   RO         3978    i.HAL_TIMEx_MasterConfigSynchronization  stm32g4xx_hal_tim_ex.o
    0x080037e8   0x080037e8   0x00000062   Code   RO         3222    i.HAL_TIM_Base_Init  stm32g4xx_hal_tim.o
    0x0800384a   0x0800384a   0x00000002   PAD
    0x0800384c   0x0800384c   0x00000028   Code   RO          418    i.HAL_TIM_Base_MspInit  tim.o
    0x08003874   0x08003874   0x00000080   Code   RO         3225    i.HAL_TIM_Base_Start  stm32g4xx_hal_tim.o
    0x080038f4   0x080038f4   0x000000f0   Code   RO         3231    i.HAL_TIM_ConfigClockSource  stm32g4xx_hal_tim.o
    0x080039e4   0x080039e4   0x0000003e   Code   RO         4785    i.HAL_UARTEx_DisableFifoMode  stm32g4xx_hal_uart_ex.o
    0x08003a22   0x08003a22   0x0000004c   Code   RO         4794    i.HAL_UARTEx_SetRxFifoThreshold  stm32g4xx_hal_uart_ex.o
    0x08003a6e   0x08003a6e   0x0000004c   Code   RO         4795    i.HAL_UARTEx_SetTxFifoThreshold  stm32g4xx_hal_uart_ex.o
    0x08003aba   0x08003aba   0x0000006a   Code   RO         4394    i.HAL_UART_Init     stm32g4xx_hal_uart.o
    0x08003b24   0x08003b24   0x00000080   Code   RO          460    i.HAL_UART_MspInit  usart.o
    0x08003ba4   0x08003ba4   0x00000002   Code   RO          505    i.HardFault_Handler  stm32g4xx_it.o
    0x08003ba6   0x08003ba6   0x0000000c   Code   RO          643    i.LL_ADC_GetOffsetChannel  stm32g4xx_hal_adc.o
    0x08003bb2   0x08003bb2   0x00000008   Code   RO          644    i.LL_ADC_INJ_IsConversionOngoing  stm32g4xx_hal_adc.o
    0x08003bba   0x08003bba   0x00000008   Code   RO          645    i.LL_ADC_REG_IsConversionOngoing  stm32g4xx_hal_adc.o
    0x08003bc2   0x08003bc2   0x00000008   Code   RO          878    i.LL_ADC_REG_IsConversionOngoing  stm32g4xx_hal_adc_ex.o
    0x08003bca   0x08003bca   0x00000010   Code   RO          646    i.LL_ADC_REG_IsTriggerSourceSWStart  stm32g4xx_hal_adc.o
    0x08003bda   0x08003bda   0x0000001e   Code   RO          648    i.LL_ADC_SetChannelSamplingTime  stm32g4xx_hal_adc.o
    0x08003bf8   0x08003bf8   0x00000010   Code   RO          649    i.LL_ADC_SetOffsetState  stm32g4xx_hal_adc.o
    0x08003c08   0x08003c08   0x00000098   Code   RO          269    i.MX_ADC1_Init      adc.o
    0x08003ca0   0x08003ca0   0x0000005c   Code   RO          311    i.MX_DAC1_Init      dac.o
    0x08003cfc   0x08003cfc   0x0000004c   Code   RO          351    i.MX_DMA_Init       dma.o
    0x08003d48   0x08003d48   0x000000c0   Code   RO          243    i.MX_GPIO_Init      gpio.o
    0x08003e08   0x08003e08   0x00000050   Code   RO          377    i.MX_SPI1_Init      spi.o
    0x08003e58   0x08003e58   0x0000006c   Code   RO          419    i.MX_TIM3_Init      tim.o
    0x08003ec4   0x08003ec4   0x00000068   Code   RO          461    i.MX_USART3_UART_Init  usart.o
    0x08003f2c   0x08003f2c   0x00000002   Code   RO          506    i.MemManage_Handler  stm32g4xx_it.o
    0x08003f2e   0x08003f2e   0x00000002   Code   RO          507    i.NMI_Handler       stm32g4xx_it.o
    0x08003f30   0x08003f30   0x00000002   Code   RO          508    i.PendSV_Handler    stm32g4xx_it.o
    0x08003f32   0x08003f32   0x00000002   Code   RO          509    i.SVC_Handler       stm32g4xx_it.o
    0x08003f34   0x08003f34   0x00000004   Code   RO          510    i.SysTick_Handler   stm32g4xx_it.o
    0x08003f38   0x08003f38   0x00000064   Code   RO           14    i.SystemClock_Config  main.o
    0x08003f9c   0x08003f9c   0x00000010   Code   RO         4904    i.SystemInit        system_stm32g4xx.o
    0x08003fac   0x08003fac   0x000000e4   Code   RO         3315    i.TIM_Base_SetConfig  stm32g4xx_hal_tim.o
    0x08004090   0x08004090   0x00000014   Code   RO         3326    i.TIM_ETR_SetConfig  stm32g4xx_hal_tim.o
    0x080040a4   0x080040a4   0x00000014   Code   RO         3327    i.TIM_ITRx_SetConfig  stm32g4xx_hal_tim.o
    0x080040b8   0x080040b8   0x00000022   Code   RO         3335    i.TIM_TI1_ConfigInputStage  stm32g4xx_hal_tim.o
    0x080040da   0x080040da   0x00000024   Code   RO         3337    i.TIM_TI2_ConfigInputStage  stm32g4xx_hal_tim.o
    0x080040fe   0x080040fe   0x00000002   PAD
    0x08004100   0x08004100   0x00000044   Code   RO         4799    i.UARTEx_SetNbDataToProcess  stm32g4xx_hal_uart_ex.o
    0x08004144   0x08004144   0x000000c8   Code   RO         4408    i.UART_AdvFeatureConfig  stm32g4xx_hal_uart.o
    0x0800420c   0x0800420c   0x000000ac   Code   RO         4409    i.UART_CheckIdleState  stm32g4xx_hal_uart.o
    0x080042b8   0x080042b8   0x00000054   Code   RO         4420    i.UART_EndRxTransfer  stm32g4xx_hal_uart.o
    0x0800430c   0x0800430c   0x00000298   Code   RO         4426    i.UART_SetConfig    stm32g4xx_hal_uart.o
    0x080045a4   0x080045a4   0x00000094   Code   RO         4433    i.UART_WaitOnFlagUntilTimeout  stm32g4xx_hal_uart.o
    0x08004638   0x08004638   0x00000002   Code   RO          511    i.UsageFault_Handler  stm32g4xx_it.o
    0x0800463a   0x0800463a   0x00000020   Code   RO         2454    i.__NVIC_SetPriority  stm32g4xx_hal_cortex.o
    0x0800465a   0x0800465a   0x0000000e   Code   RO         5301    i.__scatterload_copy  mc_w.l(handlers.o)
    0x08004668   0x08004668   0x00000002   Code   RO         5302    i.__scatterload_null  mc_w.l(handlers.o)
    0x0800466a   0x0800466a   0x0000000e   Code   RO         5303    i.__scatterload_zeroinit  mc_w.l(handlers.o)
    0x08004678   0x08004678   0x00000090   Code   RO           16    i.main              main.o
    0x08004708   0x08004708   0x00000018   Data   RO         4434    .constdata          stm32g4xx_hal_uart.o
    0x08004720   0x08004720   0x00000010   Data   RO         4800    .constdata          stm32g4xx_hal_uart_ex.o
    0x08004730   0x08004730   0x00000010   Data   RO         4905    .constdata          system_stm32g4xx.o
    0x08004740   0x08004740   0x00000008   Data   RO         4906    .constdata          system_stm32g4xx.o
    0x08004748   0x08004748   0x00000e10   Data   RO         5105    .rodata.armBitRevIndexTable1024  arm_cortexM4lf_math.lib(arm_common_tables.o)
    0x08005558   0x08005558   0x000001a0   Data   RO         5102    .rodata.armBitRevIndexTable128  arm_cortexM4lf_math.lib(arm_common_tables.o)
    0x080056f8   0x080056f8   0x00000028   Data   RO         5099    .rodata.armBitRevIndexTable16  arm_cortexM4lf_math.lib(arm_common_tables.o)
    0x08005720   0x08005720   0x00001dc0   Data   RO         5106    .rodata.armBitRevIndexTable2048  arm_cortexM4lf_math.lib(arm_common_tables.o)
    0x080074e0   0x080074e0   0x00000370   Data   RO         5103    .rodata.armBitRevIndexTable256  arm_cortexM4lf_math.lib(arm_common_tables.o)
    0x08007850   0x08007850   0x00000060   Data   RO         5100    .rodata.armBitRevIndexTable32  arm_cortexM4lf_math.lib(arm_common_tables.o)
    0x080078b0   0x080078b0   0x00001f80   Data   RO         5107    .rodata.armBitRevIndexTable4096  arm_cortexM4lf_math.lib(arm_common_tables.o)
    0x08009830   0x08009830   0x00000380   Data   RO         5104    .rodata.armBitRevIndexTable512  arm_cortexM4lf_math.lib(arm_common_tables.o)
    0x08009bb0   0x08009bb0   0x00000070   Data   RO         5101    .rodata.armBitRevIndexTable64  arm_cortexM4lf_math.lib(arm_common_tables.o)
    0x08009c20   0x08009c20   0x00000010   Data   RO         5211    .rodata.arm_cfft_sR_f32_len1024  arm_cortexM4lf_math.lib(arm_const_structs.o)
    0x08009c30   0x08009c30   0x00000010   Data   RO         5208    .rodata.arm_cfft_sR_f32_len128  arm_cortexM4lf_math.lib(arm_const_structs.o)
    0x08009c40   0x08009c40   0x00000010   Data   RO         5205    .rodata.arm_cfft_sR_f32_len16  arm_cortexM4lf_math.lib(arm_const_structs.o)
    0x08009c50   0x08009c50   0x00000010   Data   RO         5212    .rodata.arm_cfft_sR_f32_len2048  arm_cortexM4lf_math.lib(arm_const_structs.o)
    0x08009c60   0x08009c60   0x00000010   Data   RO         5209    .rodata.arm_cfft_sR_f32_len256  arm_cortexM4lf_math.lib(arm_const_structs.o)
    0x08009c70   0x08009c70   0x00000010   Data   RO         5206    .rodata.arm_cfft_sR_f32_len32  arm_cortexM4lf_math.lib(arm_const_structs.o)
    0x08009c80   0x08009c80   0x00000010   Data   RO         5213    .rodata.arm_cfft_sR_f32_len4096  arm_cortexM4lf_math.lib(arm_const_structs.o)
    0x08009c90   0x08009c90   0x00000010   Data   RO         5210    .rodata.arm_cfft_sR_f32_len512  arm_cortexM4lf_math.lib(arm_const_structs.o)
    0x08009ca0   0x08009ca0   0x00000010   Data   RO         5207    .rodata.arm_cfft_sR_f32_len64  arm_cortexM4lf_math.lib(arm_const_structs.o)
    0x08009cb0   0x08009cb0   0x00002000   Data   RO         5069    .rodata.twiddleCoef_1024  arm_cortexM4lf_math.lib(arm_common_tables.o)
    0x0800bcb0   0x0800bcb0   0x00000400   Data   RO         5066    .rodata.twiddleCoef_128  arm_cortexM4lf_math.lib(arm_common_tables.o)
    0x0800c0b0   0x0800c0b0   0x00000080   Data   RO         5063    .rodata.twiddleCoef_16  arm_cortexM4lf_math.lib(arm_common_tables.o)
    0x0800c130   0x0800c130   0x00004000   Data   RO         5070    .rodata.twiddleCoef_2048  arm_cortexM4lf_math.lib(arm_common_tables.o)
    0x08010130   0x08010130   0x00000800   Data   RO         5067    .rodata.twiddleCoef_256  arm_cortexM4lf_math.lib(arm_common_tables.o)
    0x08010930   0x08010930   0x00000100   Data   RO         5064    .rodata.twiddleCoef_32  arm_cortexM4lf_math.lib(arm_common_tables.o)
    0x08010a30   0x08010a30   0x00008000   Data   RO         5071    .rodata.twiddleCoef_4096  arm_cortexM4lf_math.lib(arm_common_tables.o)
    0x08018a30   0x08018a30   0x00001000   Data   RO         5068    .rodata.twiddleCoef_512  arm_cortexM4lf_math.lib(arm_common_tables.o)
    0x08019a30   0x08019a30   0x00000200   Data   RO         5065    .rodata.twiddleCoef_64  arm_cortexM4lf_math.lib(arm_common_tables.o)
    0x08019c30   0x08019c30   0x00001000   Data   RO         5130    .rodata.twiddleCoef_rfft_1024  arm_cortexM4lf_math.lib(arm_common_tables.o)
    0x0801ac30   0x0801ac30   0x00000200   Data   RO         5127    .rodata.twiddleCoef_rfft_128  arm_cortexM4lf_math.lib(arm_common_tables.o)
    0x0801ae30   0x0801ae30   0x00002000   Data   RO         5131    .rodata.twiddleCoef_rfft_2048  arm_cortexM4lf_math.lib(arm_common_tables.o)
    0x0801ce30   0x0801ce30   0x00000400   Data   RO         5128    .rodata.twiddleCoef_rfft_256  arm_cortexM4lf_math.lib(arm_common_tables.o)
    0x0801d230   0x0801d230   0x00000080   Data   RO         5125    .rodata.twiddleCoef_rfft_32  arm_cortexM4lf_math.lib(arm_common_tables.o)
    0x0801d2b0   0x0801d2b0   0x00004000   Data   RO         5132    .rodata.twiddleCoef_rfft_4096  arm_cortexM4lf_math.lib(arm_common_tables.o)
    0x080212b0   0x080212b0   0x00000800   Data   RO         5129    .rodata.twiddleCoef_rfft_512  arm_cortexM4lf_math.lib(arm_common_tables.o)
    0x08021ab0   0x08021ab0   0x00000100   Data   RO         5126    .rodata.twiddleCoef_rfft_64  arm_cortexM4lf_math.lib(arm_common_tables.o)
    0x08021bb0   0x08021bb0   0x00000020   Data   RO         5299    Region$$Table       anon$$obj.o


    Execution Region RW_IRAM1 (Exec base: 0x20000000, Load base: 0x08021bd0, Size: 0x000076b0, Max: 0x00020000, ABSOLUTE)

    Exec Addr    Load Addr    Size         Type   Attr      Idx    E Section Name        Object

    0x20000000   0x08021bd0   0x0000000c   Data   RW         1098    .data               stm32g4xx_hal.o
    0x2000000c   0x08021bdc   0x00000004   Data   RW         4907    .data               system_stm32g4xx.o
    0x20000010        -       0x000000cc   Zero   RW          270    .bss                adc.o
    0x200000dc        -       0x00000074   Zero   RW          312    .bss                dac.o
    0x20000150        -       0x00000064   Zero   RW          378    .bss                spi.o
    0x200001b4        -       0x0000004c   Zero   RW          420    .bss                tim.o
    0x20000200        -       0x00000094   Zero   RW          462    .bss                usart.o
    0x20000294        -       0x00007018   Zero   RW         4944    .bss                fft_ifft.o
    0x200072ac   0x08021be0   0x00000004   PAD
    0x200072b0        -       0x00000400   Zero   RW            1    STACK               startup_stm32g474xx.o


==============================================================================

Image component sizes


      Code (inc. data)   RO Data    RW Data    ZI Data      Debug   Object Name

       324         22          0          0        204       1963   adc.o
       240         28          0          0        116       1843   dac.o
        76          4          0          0          0        838   dma.o
       544         76          0          0      28696       3620   fft_ifft.o
       192         12          0          0          0       1007   gpio.o
       248         24          0          0          0     950153   main.o
       176         16          0          0        100       1737   spi.o
        36          8        472          0       1024        844   startup_stm32g474xx.o
       162         24          0         12          0       4389   stm32g4xx_hal.o
      2420        180          0          0          0      80203   stm32g4xx_hal_adc.o
       360         26          0          0          0      69239   stm32g4xx_hal_adc_ex.o
       198         14          0          0          0      33899   stm32g4xx_hal_cortex.o
       808         44          0          0          0       7506   stm32g4xx_hal_dac.o
        56          0          0          0          0       4053   stm32g4xx_hal_dac_ex.o
       680         30          0          0          0       5135   stm32g4xx_hal_dma.o
       594         34          0          0          0       2372   stm32g4xx_hal_gpio.o
        48          6          0          0          0        886   stm32g4xx_hal_msp.o
       204         18          0          0          0       1425   stm32g4xx_hal_pwr_ex.o
      1696         94          0          0          0       6828   stm32g4xx_hal_rcc.o
       768         10          0          0          0       1988   stm32g4xx_hal_rcc_ex.o
       234          0          0          0          0       1287   stm32g4xx_hal_spi.o
       804         80          0          0          0       7224   stm32g4xx_hal_tim.o
       184         34          0          0          0       1504   stm32g4xx_hal_tim_ex.o
      1374         76         24          0          0      25174   stm32g4xx_hal_uart.o
       282          6         16          0          0       3721   stm32g4xx_hal_uart_ex.o
        44         12          0          0          0       5244   stm32g4xx_it.o
        16          4         24          4          0       1159   system_stm32g4xx.o
       148         20          0          0         76       1702   tim.o
       232         24          0          0        148       1838   usart.o

    ----------------------------------------------------------------------
     13170        926        568         16      30368    1228781   Object Totals
         0          0         32          0          0          0   (incl. Generated)
        22          0          0          0          4          0   (incl. Padding)

    ----------------------------------------------------------------------

      Code (inc. data)   RO Data    RW Data    ZI Data      Debug   Library Member Name

        68          0          0          0          0       1792   arm_bitreversal2.o
      1652          0          0          0          0       7236   arm_cfft_f32.o
       180          0          0          0          0       1283   arm_cfft_init_f32.o
      1458          4          0          0          0       5452   arm_cfft_radix8_f32.o
         0          0     119768          0          0       6294   arm_common_tables.o
         0          0        144          0          0       4820   arm_const_structs.o
       430          0          0          0          0       3280   arm_rfft_fast_f32.o
       466          0          0          0          0       3844   arm_rfft_fast_init_f32.o
         0          0          0          0          0          0   entry.o
         0          0          0          0          0          0   entry10a.o
         0          0          0          0          0          0   entry11a.o
         4          0          0          0          0          0   entry12b.o
         8          4          0          0          0          0   entry2.o
         4          0          0          0          0          0   entry5.o
         0          0          0          0          0          0   entry7b.o
         0          0          0          0          0          0   entry8b.o
         8          4          0          0          0          0   entry9a.o
        30          0          0          0          0          0   handlers.o
        36          8          0          0          0         68   init.o
        30          0          0          0          0         68   llshl.o
        32          0          0          0          0         68   llushr.o
        36          0          0          0          0        108   memseta.o
        98          0          0          0          0         92   uldiv.o

    ----------------------------------------------------------------------
      4542         20     119912          0          0      34405   Library Totals
         2          0          0          0          0          0   (incl. Padding)

    ----------------------------------------------------------------------

      Code (inc. data)   RO Data    RW Data    ZI Data      Debug   Library Name

      4254          4     119912          0          0      34001   arm_cortexM4lf_math.lib
       286         16          0          0          0        404   mc_w.l

    ----------------------------------------------------------------------
      4542         20     119912          0          0      34405   Library Totals

    ----------------------------------------------------------------------

==============================================================================


      Code (inc. data)   RO Data    RW Data    ZI Data      Debug   

     17712        946     120480         16      30368    1253106   Grand Totals
     17712        946     120480         16      30368    1253106   ELF Image Totals
     17712        946     120480         16          0          0   ROM Totals

==============================================================================

    Total RO  Size (Code + RO Data)               138192 ( 134.95kB)
    Total RW  Size (RW Data + ZI Data)             30384 (  29.67kB)
    Total ROM Size (Code + RO Data + RW Data)     138208 ( 134.97kB)

==============================================================================

